
Allocating common symbols
Common symbol       size              file

mousedata0          0x4               mouse.o
keyfifo             0x4               keyboard.o
taskctl             0x4               mtask.o
timerctl            0x271c            timer.o
mousefifo           0x4               mouse.o
task_timer          0x4               mtask.o
keydata0            0x4               keyboard.o

Discarded input sections

 .note.gnu.property
                0x0000000000000000       0x1c bootpack.o
 .eh_frame      0x0000000000000000       0x94 bootpack.o
 .note.gnu.property
                0x0000000000000000       0x1c hankaku.o
 .note.gnu.property
                0x0000000000000000       0x1c fifo.o
 .eh_frame      0x0000000000000000       0x98 fifo.o
 .note.gnu.property
                0x0000000000000000       0x1c int.o
 .eh_frame      0x0000000000000000       0x38 int.o
 .note.gnu.property
                0x0000000000000000       0x1c keyboard.o
 .eh_frame      0x0000000000000000       0x78 keyboard.o
 .note.gnu.property
                0x0000000000000000       0x1c mouse.o
 .eh_frame      0x0000000000000000       0x78 mouse.o
 .note.gnu.property
                0x0000000000000000       0x1c memory.o
 .eh_frame      0x0000000000000000      0x104 memory.o
 .note.gnu.property
                0x0000000000000000       0x1c mysprintf.o
 .eh_frame      0x0000000000000000       0xdc mysprintf.o
 .note.gnu.property
                0x0000000000000000       0x1c graphic.o
 .eh_frame      0x0000000000000000      0x124 graphic.o
 .note.gnu.property
                0x0000000000000000       0x1c dsctbl.o
 .eh_frame      0x0000000000000000       0x78 dsctbl.o
 .note.gnu.property
                0x0000000000000000       0x1c sheet.o
 .eh_frame      0x0000000000000000      0x15c sheet.o
 .note.gnu.property
                0x0000000000000000       0x1c timer.o
 .eh_frame      0x0000000000000000      0x118 timer.o
 .note.gnu.property
                0x0000000000000000       0x1c mtask.o
 .eh_frame      0x0000000000000000      0x154 mtask.o
 .note.gnu.property
                0x0000000000000000       0x1c console.o
 .eh_frame      0x0000000000000000      0x208 console.o
 .note.gnu.property
                0x0000000000000000       0x1c window.o
 .eh_frame      0x0000000000000000       0xd0 window.o
 .note.gnu.property
                0x0000000000000000       0x1c file.o
 .eh_frame      0x0000000000000000       0x78 file.o

Memory Configuration

Name             Origin             Length             Attributes
*default*        0x0000000000000000 0xffffffffffffffff

Linker script and memory map


.head           0x0000000000000000       0x24
                0x0000000000000000        0x4 LONG 0x10000
                0x0000000000000004        0x4 LONG 0x69726148
                0x0000000000000008        0x4 LONG 0x0
                0x000000000000000c        0x4 LONG 0x310000
                0x0000000000000010        0x4 LONG 0x1439 SIZEOF (.data)
                0x0000000000000014        0x4 LONG 0x5d06 LOADADDR (.data)
                0x0000000000000018        0x4 LONG 0xe9000000
                0x000000000000001c        0x4 LONG 0x10 (HariMain - 0x20)
                0x0000000000000020        0x4 LONG 0x0

.text           0x0000000000000030     0x5cd6
 *(.text)
 .text          0x0000000000000030      0xd08 bootpack.o
                0x0000000000000030                HariMain
                0x0000000000000b29                keywin_off
                0x0000000000000b6b                keywin_on
                0x0000000000000bad                open_console
 *fill*         0x0000000000000d38        0x8 
 .text          0x0000000000000d40      0x1de nasmfunc.o
                0x0000000000000d40                io_hlt
                0x0000000000000d42                io_cli
                0x0000000000000d44                io_sti
                0x0000000000000d46                io_stihlt
                0x0000000000000d49                io_in8
                0x0000000000000d54                io_in16
                0x0000000000000d60                io_in32
                0x0000000000000d66                io_out8
                0x0000000000000d70                io_out16
                0x0000000000000d7b                io_out32
                0x0000000000000d85                io_load_eflags
                0x0000000000000d88                io_store_eflags
                0x0000000000000d8f                load_gdtr
                0x0000000000000d9f                load_idtr
                0x0000000000000daf                load_cr0
                0x0000000000000db3                store_cr0
                0x0000000000000dbb                asm_inthandler20
                0x0000000000000e08                asm_inthandler21
                0x0000000000000e1f                asm_inthandler2c
                0x0000000000000e36                memtest_sub
                0x0000000000000e78                load_tr
                0x0000000000000e7e                farjmp
                0x0000000000000e83                farcall
                0x0000000000000e88                asm_hrb_api
                0x0000000000000ea5                start_app
                0x0000000000000ed3                asm_inthandler0c
                0x0000000000000ef3                asm_inthandler0d
                0x0000000000000f13                asm_end_app
 .text          0x0000000000000f1e        0x0 hankaku.o
 .text          0x0000000000000f1e      0x188 fifo.o
                0x0000000000000f1e                fifo32_init
                0x0000000000000f69                fifo32_put
                0x000000000000101a                fifo32_get
                0x000000000000108d                fifo32_status
 .text          0x00000000000010a6       0xdf int.o
                0x00000000000010a6                init_pic
 .text          0x0000000000001185       0xb2 keyboard.o
                0x0000000000001185                inthandler21
                0x00000000000011ce                wait_KBC_sendready
                0x00000000000011f2                init_keyboard
 .text          0x0000000000001237      0x1f0 mouse.o
                0x0000000000001237                inthandler2c
                0x0000000000001292                enable_mouse
                0x00000000000012e4                mouse_decode
 .text          0x0000000000001427      0x4cd memory.o
                0x0000000000001427                memtest
                0x00000000000014e2                memman_init
                0x0000000000001513                memman_total
                0x0000000000001550                memman_alloc
                0x000000000000163d                memman_free
                0x0000000000001891                memman_alloc_4k
                0x00000000000018c1                memman_free_4k
 .text          0x00000000000018f4      0x2c2 mysprintf.o
                0x00000000000018f4                dec2asc
                0x000000000000198c                hex2asc
                0x0000000000001a1e                sprintf
                0x0000000000001ac4                strcmp
                0x0000000000001b29                strncmp
                0x0000000000001b8b                rand
 .text          0x0000000000001bb6      0x71f graphic.o
                0x0000000000001bb6                init_palette
                0x0000000000001d08                set_palette
                0x0000000000001db8                boxfill8
                0x0000000000001e0e                init_screen8
                0x000000000000202f                putfont8
                0x0000000000002135                putfonts8_asc
                0x0000000000002188                init_mouse_cursor8
                0x0000000000002262                putblock8_8
 .text          0x00000000000022d5      0x25b dsctbl.o
                0x00000000000022d5                init_gdtidt
                0x0000000000002468                set_segmdesc
                0x00000000000024e7                set_gatedesc
 .text          0x0000000000002530      0xf67 sheet.o
                0x0000000000002530                shtctl_init
                0x0000000000002617                sheet_alloc
                0x000000000000269c                sheet_setbuf
                0x00000000000026c9                sheet_refreshmap
                0x00000000000029d3                sheet_refreshsub
                0x0000000000002f65                sheet_updown
                0x00000000000032e0                sheet_refresh
                0x0000000000003355                sheet_slide
                0x000000000000346c                sheet_free
 .text          0x0000000000003497      0x3e9 timer.o
                0x0000000000003497                init_pit
                0x000000000000353d                timer_alloc
                0x00000000000035be                timer_free
                0x00000000000035cf                timer_init
                0x00000000000035eb                timer_settime
                0x000000000000369b                inthandler20
                0x000000000000374c                timer_cancel
                0x00000000000037ed                timer_cancelall
 .text          0x0000000000003880      0x662 mtask.o
                0x0000000000003880                task_now
                0x00000000000038b4                task_add
                0x0000000000003901                task_remove
                0x00000000000039c2                task_switchsub
                0x0000000000003a12                task_idle
                0x0000000000003a23                task_init
                0x0000000000003c2c                task_alloc
                0x0000000000003d4a                task_run
                0x0000000000003dbb                task_sleep
                0x0000000000003e0f                task_switch
 .text          0x0000000000003ee2     0x154e console.o
                0x0000000000003ee2                console_task
                0x00000000000041f3                cons_putchar
                0x00000000000042ff                cons_newline
                0x000000000000440b                cons_putstr0
                0x0000000000004442                cons_putstr1
                0x0000000000004483                cons_runcmd
                0x0000000000004573                cmd_mem
                0x00000000000045d0                cmd_cls
                0x0000000000004652                cmd_dir
                0x000000000000478a                cmd_type
                0x0000000000004859                cmd_app
                0x0000000000004bca                hrb_api
                0x000000000000522b                inthandler0c
                0x0000000000005293                inthandler0d
                0x00000000000052fb                hrb_api_linewin
 .text          0x0000000000005430      0x60d window.o
                0x0000000000005430                make_window8
                0x00000000000055a6                make_wtitle8
                0x00000000000056a2                putfonts8_asc_sht
                0x0000000000005745                make_textbox8
                0x0000000000005948                change_wtitle8
 .text          0x0000000000005a3d      0x2c9 file.o
                0x0000000000005a3d                file_readfat
                0x0000000000005af1                file_loadfile
                0x0000000000005b9d                file_search

.data           0x0000000000310000     0x1439 load address 0x0000000000005d06
 *(.data)
 .data          0x0000000000310000      0x100 bootpack.o
 .data          0x0000000000310100        0x0 nasmfunc.o
 .data          0x0000000000310100     0x1000 hankaku.o
                0x0000000000310100                hankaku
 .data          0x0000000000311100        0x0 fifo.o
 .data          0x0000000000311100        0x0 int.o
 .data          0x0000000000311100        0x0 keyboard.o
 .data          0x0000000000311100        0x0 mouse.o
 .data          0x0000000000311100        0x0 memory.o
 .data          0x0000000000311100        0x4 mysprintf.o
 *fill*         0x0000000000311104       0x1c 
 .data          0x0000000000311120      0x140 graphic.o
 .data          0x0000000000311260        0x0 dsctbl.o
 .data          0x0000000000311260        0x0 sheet.o
 .data          0x0000000000311260        0x0 timer.o
 .data          0x0000000000311260        0x0 mtask.o
 .data          0x0000000000311260        0x0 console.o
 .data          0x0000000000311260       0xe0 window.o
 .data          0x0000000000311340        0x0 file.o
 *(.rodata*)
 .rodata        0x0000000000311340       0x28 bootpack.o
 .rodata        0x0000000000311368       0xd1 console.o
 *(.bss)
 .bss           0x0000000000311439        0x0 bootpack.o
 .bss           0x0000000000311439        0x0 hankaku.o
 .bss           0x0000000000311439        0x0 fifo.o
 .bss           0x0000000000311439        0x0 int.o
 .bss           0x0000000000311439        0x0 keyboard.o
 .bss           0x0000000000311439        0x0 mouse.o
 .bss           0x0000000000311439        0x0 memory.o
 .bss           0x0000000000311439        0x0 mysprintf.o
 .bss           0x0000000000311439        0x0 graphic.o
 .bss           0x0000000000311439        0x0 dsctbl.o
 .bss           0x0000000000311439        0x0 sheet.o
 .bss           0x0000000000311439        0x0 timer.o
 .bss           0x0000000000311439        0x0 mtask.o
 .bss           0x0000000000311439        0x0 console.o
 .bss           0x0000000000311439        0x0 window.o
 .bss           0x0000000000311439        0x0 file.o

/DISCARD/
 *(.eh_frame)
 *(.note.gnu.property)
LOAD bootpack.o
LOAD nasmfunc.o
LOAD hankaku.o
LOAD fifo.o
LOAD int.o
LOAD keyboard.o
LOAD mouse.o
LOAD memory.o
LOAD mysprintf.o
LOAD graphic.o
LOAD dsctbl.o
LOAD sheet.o
LOAD timer.o
LOAD mtask.o
LOAD console.o
LOAD window.o
LOAD file.o
OUTPUT(bootpack.hrb binary)

.debug_info     0x0000000000000000     0x78e0
 .debug_info    0x0000000000000000      0xc5f bootpack.o
 .debug_info    0x0000000000000c5f       0x4f hankaku.o
 .debug_info    0x0000000000000cae      0x5d1 fifo.o
 .debug_info    0x000000000000127f      0x79d int.o
 .debug_info    0x0000000000001a1c      0x582 keyboard.o
 .debug_info    0x0000000000001f9e      0x619 mouse.o
 .debug_info    0x00000000000025b7      0x79e memory.o
 .debug_info    0x0000000000002d55      0x25f mysprintf.o
 .debug_info    0x0000000000002fb4      0x8d4 graphic.o
 .debug_info    0x0000000000003888      0x67d dsctbl.o
 .debug_info    0x0000000000003f05      0xaff sheet.o
 .debug_info    0x0000000000004a04      0x6e3 timer.o
 .debug_info    0x00000000000050e7      0x8d7 mtask.o
 .debug_info    0x00000000000059be     0x1082 console.o
 .debug_info    0x0000000000006a40      0x7ba window.o
 .debug_info    0x00000000000071fa      0x6e6 file.o

.debug_abbrev   0x0000000000000000     0x15a6
 .debug_abbrev  0x0000000000000000      0x1a0 bootpack.o
 .debug_abbrev  0x00000000000001a0       0x40 hankaku.o
 .debug_abbrev  0x00000000000001e0      0x13f fifo.o
 .debug_abbrev  0x000000000000031f      0x108 int.o
 .debug_abbrev  0x0000000000000427      0x14c keyboard.o
 .debug_abbrev  0x0000000000000573      0x150 mouse.o
 .debug_abbrev  0x00000000000006c3      0x16e memory.o
 .debug_abbrev  0x0000000000000831      0x11f mysprintf.o
 .debug_abbrev  0x0000000000000950      0x139 graphic.o
 .debug_abbrev  0x0000000000000a89      0x11f dsctbl.o
 .debug_abbrev  0x0000000000000ba8      0x1cc sheet.o
 .debug_abbrev  0x0000000000000d74      0x197 timer.o
 .debug_abbrev  0x0000000000000f0b      0x1c6 mtask.o
 .debug_abbrev  0x00000000000010d1      0x226 console.o
 .debug_abbrev  0x00000000000012f7      0x130 window.o
 .debug_abbrev  0x0000000000001427      0x17f file.o

.debug_aranges  0x0000000000000000      0x1f8
 .debug_aranges
                0x0000000000000000       0x20 bootpack.o
 .debug_aranges
                0x0000000000000020       0x18 hankaku.o
 .debug_aranges
                0x0000000000000038       0x20 fifo.o
 .debug_aranges
                0x0000000000000058       0x20 int.o
 .debug_aranges
                0x0000000000000078       0x20 keyboard.o
 .debug_aranges
                0x0000000000000098       0x20 mouse.o
 .debug_aranges
                0x00000000000000b8       0x20 memory.o
 .debug_aranges
                0x00000000000000d8       0x20 mysprintf.o
 .debug_aranges
                0x00000000000000f8       0x20 graphic.o
 .debug_aranges
                0x0000000000000118       0x20 dsctbl.o
 .debug_aranges
                0x0000000000000138       0x20 sheet.o
 .debug_aranges
                0x0000000000000158       0x20 timer.o
 .debug_aranges
                0x0000000000000178       0x20 mtask.o
 .debug_aranges
                0x0000000000000198       0x20 console.o
 .debug_aranges
                0x00000000000001b8       0x20 window.o
 .debug_aranges
                0x00000000000001d8       0x20 file.o

.debug_line     0x0000000000000000     0x2cdb
 .debug_line    0x0000000000000000      0x573 bootpack.o
 .debug_line    0x0000000000000573       0x2a hankaku.o
 .debug_line    0x000000000000059d       0xec fifo.o
 .debug_line    0x0000000000000689      0x10a int.o
 .debug_line    0x0000000000000793       0x7a keyboard.o
 .debug_line    0x000000000000080d       0xea mouse.o
 .debug_line    0x00000000000008f7      0x24f memory.o
 .debug_line    0x0000000000000b46      0x1e6 mysprintf.o
 .debug_line    0x0000000000000d2c      0x3de graphic.o
 .debug_line    0x000000000000110a       0xf3 dsctbl.o
 .debug_line    0x00000000000011fd      0x833 sheet.o
 .debug_line    0x0000000000001a30      0x1fc timer.o
 .debug_line    0x0000000000001c2c      0x310 mtask.o
 .debug_line    0x0000000000001f3c      0x98a console.o
 .debug_line    0x00000000000028c6      0x1ce window.o
 .debug_line    0x0000000000002a94      0x247 file.o

.debug_str      0x0000000000000000     0x2f5b
 .debug_str     0x0000000000000000      0x5ad bootpack.o
 .debug_str     0x00000000000005ad       0xd8 hankaku.o
 .debug_str     0x0000000000000685      0x24e fifo.o
 .debug_str     0x00000000000008d3      0x43e int.o
 .debug_str     0x0000000000000d11      0x267 keyboard.o
 .debug_str     0x0000000000000f78      0x276 mouse.o
 .debug_str     0x00000000000011ee      0x2be memory.o
 .debug_str     0x00000000000014ac      0x146 mysprintf.o
 .debug_str     0x00000000000015f2      0x2cc graphic.o
 .debug_str     0x00000000000018be      0x2e2 dsctbl.o
 .debug_str     0x0000000000001ba0      0x2e7 sheet.o
 .debug_str     0x0000000000001e87      0x282 timer.o
 .debug_str     0x0000000000002109      0x36d mtask.o
 .debug_str     0x0000000000002476      0x5d7 console.o
 .debug_str     0x0000000000002a4d      0x296 window.o
 .debug_str     0x0000000000002ce3      0x278 file.o

.comment        0x0000000000000000      0x2b0
 .comment       0x0000000000000000       0x2b bootpack.o
 .comment       0x000000000000002b       0x2b hankaku.o
 .comment       0x0000000000000056       0x2b fifo.o
 .comment       0x0000000000000081       0x2b int.o
 .comment       0x00000000000000ac       0x2b keyboard.o
 .comment       0x00000000000000d7       0x2b mouse.o
 .comment       0x0000000000000102       0x2b memory.o
 .comment       0x000000000000012d       0x2b mysprintf.o
 .comment       0x0000000000000158       0x2b graphic.o
 .comment       0x0000000000000183       0x2b dsctbl.o
 .comment       0x00000000000001ae       0x2b sheet.o
 .comment       0x00000000000001d9       0x2b timer.o
 .comment       0x0000000000000204       0x2b mtask.o
 .comment       0x000000000000022f       0x2b console.o
 .comment       0x000000000000025a       0x2b window.o
 .comment       0x0000000000000285       0x2b file.o

.note.GNU-stack
                0x0000000000000000        0x0
 .note.GNU-stack
                0x0000000000000000        0x0 bootpack.o
 .note.GNU-stack
                0x0000000000000000        0x0 hankaku.o
 .note.GNU-stack
                0x0000000000000000        0x0 fifo.o
 .note.GNU-stack
                0x0000000000000000        0x0 int.o
 .note.GNU-stack
                0x0000000000000000        0x0 keyboard.o
 .note.GNU-stack
                0x0000000000000000        0x0 mouse.o
 .note.GNU-stack
                0x0000000000000000        0x0 memory.o
 .note.GNU-stack
                0x0000000000000000        0x0 mysprintf.o
 .note.GNU-stack
                0x0000000000000000        0x0 graphic.o
 .note.GNU-stack
                0x0000000000000000        0x0 dsctbl.o
 .note.GNU-stack
                0x0000000000000000        0x0 sheet.o
 .note.GNU-stack
                0x0000000000000000        0x0 timer.o
 .note.GNU-stack
                0x0000000000000000        0x0 mtask.o
 .note.GNU-stack
                0x0000000000000000        0x0 console.o
 .note.GNU-stack
                0x0000000000000000        0x0 window.o
 .note.GNU-stack
                0x0000000000000000        0x0 file.o

.bss            0x0000000000311440     0x2744 load address 0x0000000000007160
 COMMON         0x0000000000311440        0x8 keyboard.o
                0x0000000000311440                keyfifo
                0x0000000000311444                keydata0
 COMMON         0x0000000000311448        0x8 mouse.o
                0x0000000000311448                mousedata0
                0x000000000031144c                mousefifo
 *fill*         0x0000000000311450       0x10 
 COMMON         0x0000000000311460     0x271c timer.o
                0x0000000000311460                timerctl
 COMMON         0x0000000000313b7c        0x8 mtask.o
                0x0000000000313b7c                taskctl
                0x0000000000313b80                task_timer
