
Allocating common symbols
Common symbol       size              file

mousedata0          0x4               mouse.o
keyfifo             0x4               keyboard.o
taskctl             0x4               mtask.o
timerctl            0x271c            timer.o
mousefifo           0x4               mouse.o
task_timer          0x4               mtask.o
keydata0            0x4               keyboard.o

Discarded input sections

 .note.gnu.property
                0x0000000000000000       0x1c bootpack.o
 .eh_frame      0x0000000000000000       0x34 bootpack.o
 .note.gnu.property
                0x0000000000000000       0x1c hankaku.o
 .note.gnu.property
                0x0000000000000000       0x1c fifo.o
 .eh_frame      0x0000000000000000       0x98 fifo.o
 .note.gnu.property
                0x0000000000000000       0x1c int.o
 .eh_frame      0x0000000000000000       0x58 int.o
 .note.gnu.property
                0x0000000000000000       0x1c keyboard.o
 .eh_frame      0x0000000000000000       0x78 keyboard.o
 .note.gnu.property
                0x0000000000000000       0x1c mouse.o
 .eh_frame      0x0000000000000000       0x78 mouse.o
 .note.gnu.property
                0x0000000000000000       0x1c memory.o
 .eh_frame      0x0000000000000000      0x104 memory.o
 .note.gnu.property
                0x0000000000000000       0x1c mysprintf.o
 .eh_frame      0x0000000000000000       0xbc mysprintf.o
 .note.gnu.property
                0x0000000000000000       0x1c graphic.o
 .eh_frame      0x0000000000000000      0x120 graphic.o
 .note.gnu.property
                0x0000000000000000       0x1c dsctbl.o
 .eh_frame      0x0000000000000000       0x78 dsctbl.o
 .note.gnu.property
                0x0000000000000000       0x1c sheet.o
 .eh_frame      0x0000000000000000      0x15c sheet.o
 .note.gnu.property
                0x0000000000000000       0x1c timer.o
 .eh_frame      0x0000000000000000       0xd8 timer.o
 .note.gnu.property
                0x0000000000000000       0x1c mtask.o
 .eh_frame      0x0000000000000000      0x154 mtask.o
 .note.gnu.property
                0x0000000000000000       0x1c console.o
 .eh_frame      0x0000000000000000      0x1a0 console.o
 .note.gnu.property
                0x0000000000000000       0x1c window.o
 .eh_frame      0x0000000000000000       0xb0 window.o
 .note.gnu.property
                0x0000000000000000       0x1c file.o
 .eh_frame      0x0000000000000000       0x78 file.o

Memory Configuration

Name             Origin             Length             Attributes
*default*        0x0000000000000000 0xffffffffffffffff

Linker script and memory map


.head           0x0000000000000000       0x24
                0x0000000000000000        0x4 LONG 0x10000
                0x0000000000000004        0x4 LONG 0x69726148
                0x0000000000000008        0x4 LONG 0x0
                0x000000000000000c        0x4 LONG 0x310000
                0x0000000000000010        0x4 LONG 0x1396 SIZEOF (.data)
                0x0000000000000014        0x4 LONG 0x4a86 LOADADDR (.data)
                0x0000000000000018        0x4 LONG 0xe9000000
                0x000000000000001c        0x4 LONG 0x10 (HariMain - 0x20)
                0x0000000000000020        0x4 LONG 0x0

.text           0x0000000000000030     0x4a56
 *(.text)
 .text          0x0000000000000030      0xb5e bootpack.o
                0x0000000000000030                HariMain
 *fill*         0x0000000000000b8e        0x2 
 .text          0x0000000000000b90      0x225 nasmfunc.o
                0x0000000000000b90                io_hlt
                0x0000000000000b92                io_cli
                0x0000000000000b94                io_sti
                0x0000000000000b96                io_stihlt
                0x0000000000000b99                io_in8
                0x0000000000000ba4                io_in16
                0x0000000000000bb0                io_in32
                0x0000000000000bb6                io_out8
                0x0000000000000bc0                io_out16
                0x0000000000000bcb                io_out32
                0x0000000000000bd5                io_load_eflags
                0x0000000000000bd8                io_store_eflags
                0x0000000000000bdf                load_gdtr
                0x0000000000000bef                load_idtr
                0x0000000000000bff                load_cr0
                0x0000000000000c03                store_cr0
                0x0000000000000c0b                asm_inthandler20
                0x0000000000000c58                asm_inthandler21
                0x0000000000000c6f                asm_inthandler27
                0x0000000000000c86                asm_inthandler2c
                0x0000000000000c9d                memtest_sub
                0x0000000000000cdf                load_tr
                0x0000000000000ce5                farjmp
                0x0000000000000cea                asm_cons_putchar
                0x0000000000000d01                farcall
                0x0000000000000d06                asm_hrb_api
                0x0000000000000d72                start_app
 .text          0x0000000000000db5        0x0 hankaku.o
 .text          0x0000000000000db5      0x188 fifo.o
                0x0000000000000db5                fifo32_init
                0x0000000000000e00                fifo32_put
                0x0000000000000eb1                fifo32_get
                0x0000000000000f24                fifo32_status
 .text          0x0000000000000f3d       0xfb int.o
                0x0000000000000f3d                init_pic
                0x000000000000101c                inthandler27
 .text          0x0000000000001038       0xb2 keyboard.o
                0x0000000000001038                inthandler21
                0x0000000000001081                wait_KBC_sendready
                0x00000000000010a5                init_keyboard
 .text          0x00000000000010ea      0x1f0 mouse.o
                0x00000000000010ea                inthandler2c
                0x0000000000001145                enable_mouse
                0x0000000000001197                mouse_decode
 .text          0x00000000000012da      0x4cd memory.o
                0x00000000000012da                memtest
                0x0000000000001395                memman_init
                0x00000000000013c6                memman_total
                0x0000000000001403                memman_alloc
                0x00000000000014f0                memman_free
                0x0000000000001744                memman_alloc_4k
                0x0000000000001774                memman_free_4k
 .text          0x00000000000017a7      0x297 mysprintf.o
                0x00000000000017a7                dec2asc
                0x000000000000183f                hex2asc
                0x00000000000018d1                sprintf
                0x0000000000001977                strcmp
                0x00000000000019dc                strncmp
 .text          0x0000000000001a3e      0x5ee graphic.o
                0x0000000000001a3e                init_palette
                0x0000000000001a5f                set_palette
                0x0000000000001b0f                boxfill8
                0x0000000000001b65                init_screen8
                0x0000000000001d86                putfont8
                0x0000000000001e8c                putfonts8_asc
                0x0000000000001edf                init_mouse_cursor8
                0x0000000000001fb9                putblock8_8
 .text          0x000000000000202c      0x241 dsctbl.o
                0x000000000000202c                init_gdtidt
                0x00000000000021a5                set_segmdesc
                0x0000000000002224                set_gatedesc
 .text          0x000000000000226d      0xa49 sheet.o
                0x000000000000226d                shtctl_init
                0x0000000000002354                sheet_alloc
                0x00000000000023cf                sheet_setbuf
                0x00000000000023fc                sheet_refreshmap
                0x00000000000025b4                sheet_refreshsub
                0x0000000000002784                sheet_updown
                0x0000000000002aff                sheet_refresh
                0x0000000000002b74                sheet_slide
                0x0000000000002c8b                sheet_free
 .text          0x0000000000002cb6      0x2b1 timer.o
                0x0000000000002cb6                init_pit
                0x0000000000002d62                timer_alloc
                0x0000000000002dd0                timer_free
                0x0000000000002de4                timer_init
                0x0000000000002e00                timer_settime
                0x0000000000002eb3                inthandler20
 .text          0x0000000000002f67      0x658 mtask.o
                0x0000000000002f67                task_now
                0x0000000000002f9b                task_add
                0x0000000000002fe8                task_remove
                0x00000000000030a9                task_switchsub
                0x00000000000030f9                task_idle
                0x000000000000310a                task_init
                0x0000000000003313                task_alloc
                0x0000000000003427                task_run
                0x0000000000003498                task_sleep
                0x00000000000034ec                task_switch
 .text          0x00000000000035bf      0xcd9 console.o
                0x00000000000035bf                console_task
                0x000000000000396b                cons_putchar
                0x0000000000003a77                cons_newline
                0x0000000000003b83                cons_putstr0
                0x0000000000003bba                cons_putstr1
                0x0000000000003bfb                cons_runcmd
                0x0000000000003ceb                cmd_mem
                0x0000000000003d3d                cmd_cls
                0x0000000000003dbf                cmd_dir
                0x0000000000003ef7                cmd_type
                0x0000000000003fc6                cmd_app
                0x0000000000004218                hrb_api
 .text          0x0000000000004298      0x518 window.o
                0x0000000000004298                make_window8
                0x000000000000440e                make_wtitle8
                0x000000000000450a                putfonts8_asc_sht
                0x00000000000045ad                make_textbox8
 .text          0x00000000000047b0      0x2d6 file.o
                0x00000000000047b0                file_readfat
                0x0000000000004864                file_loadfile
                0x0000000000004910                file_search

.data           0x0000000000310000     0x1396 load address 0x0000000000004a86
 *(.data)
 .data          0x0000000000310000      0x100 bootpack.o
 .data          0x0000000000310100        0x0 nasmfunc.o
 .data          0x0000000000310100     0x1000 hankaku.o
                0x0000000000310100                hankaku
 .data          0x0000000000311100        0x0 fifo.o
 .data          0x0000000000311100        0x0 int.o
 .data          0x0000000000311100        0x0 keyboard.o
 .data          0x0000000000311100        0x0 mouse.o
 .data          0x0000000000311100        0x0 memory.o
 .data          0x0000000000311100        0x0 mysprintf.o
 .data          0x0000000000311100      0x140 graphic.o
 .data          0x0000000000311240        0x0 dsctbl.o
 .data          0x0000000000311240        0x0 sheet.o
 .data          0x0000000000311240        0x0 timer.o
 .data          0x0000000000311240        0x0 mtask.o
 .data          0x0000000000311240        0x0 console.o
 .data          0x0000000000311240       0xe0 window.o
 .data          0x0000000000311320        0x0 file.o
 *(.rodata*)
 .rodata        0x0000000000311320       0x11 bootpack.o
 .rodata        0x0000000000311331       0x65 console.o
 *(.bss)
 .bss           0x0000000000311396        0x0 bootpack.o
 .bss           0x0000000000311396        0x0 hankaku.o
 .bss           0x0000000000311396        0x0 fifo.o
 .bss           0x0000000000311396        0x0 int.o
 .bss           0x0000000000311396        0x0 keyboard.o
 .bss           0x0000000000311396        0x0 mouse.o
 .bss           0x0000000000311396        0x0 memory.o
 .bss           0x0000000000311396        0x0 mysprintf.o
 .bss           0x0000000000311396        0x0 graphic.o
 .bss           0x0000000000311396        0x0 dsctbl.o
 .bss           0x0000000000311396        0x0 sheet.o
 .bss           0x0000000000311396        0x0 timer.o
 .bss           0x0000000000311396        0x0 mtask.o
 .bss           0x0000000000311396        0x0 console.o
 .bss           0x0000000000311396        0x0 window.o
 .bss           0x0000000000311396        0x0 file.o

/DISCARD/
 *(.eh_frame)
 *(.note.gnu.property)
LOAD bootpack.o
LOAD nasmfunc.o
LOAD hankaku.o
LOAD fifo.o
LOAD int.o
LOAD keyboard.o
LOAD mouse.o
LOAD memory.o
LOAD mysprintf.o
LOAD graphic.o
LOAD dsctbl.o
LOAD sheet.o
LOAD timer.o
LOAD mtask.o
LOAD console.o
LOAD window.o
LOAD file.o
OUTPUT(bootpack.hrb binary)

.debug_info     0x0000000000000000     0x60f6
 .debug_info    0x0000000000000000      0xaa0 bootpack.o
 .debug_info    0x0000000000000aa0       0x4f hankaku.o
 .debug_info    0x0000000000000aef      0x428 fifo.o
 .debug_info    0x0000000000000f17      0x61a int.o
 .debug_info    0x0000000000001531      0x3d9 keyboard.o
 .debug_info    0x000000000000190a      0x470 mouse.o
 .debug_info    0x0000000000001d7a      0x5f5 memory.o
 .debug_info    0x000000000000236f      0x230 mysprintf.o
 .debug_info    0x000000000000259f      0x6e9 graphic.o
 .debug_info    0x0000000000002c88      0x4d4 dsctbl.o
 .debug_info    0x000000000000315c      0x9e3 sheet.o
 .debug_info    0x0000000000003b3f      0x4a9 timer.o
 .debug_info    0x0000000000003fe8      0x72e mtask.o
 .debug_info    0x0000000000004716      0xe27 console.o
 .debug_info    0x000000000000553d      0x67b window.o
 .debug_info    0x0000000000005bb8      0x53e file.o

.debug_abbrev   0x0000000000000000     0x1391
 .debug_abbrev  0x0000000000000000      0x133 bootpack.o
 .debug_abbrev  0x0000000000000133       0x40 hankaku.o
 .debug_abbrev  0x0000000000000173      0x125 fifo.o
 .debug_abbrev  0x0000000000000298      0x124 int.o
 .debug_abbrev  0x00000000000003bc      0x132 keyboard.o
 .debug_abbrev  0x00000000000004ee      0x13f mouse.o
 .debug_abbrev  0x000000000000062d      0x154 memory.o
 .debug_abbrev  0x0000000000000781      0x103 mysprintf.o
 .debug_abbrev  0x0000000000000884      0x128 graphic.o
 .debug_abbrev  0x00000000000009ac      0x105 dsctbl.o
 .debug_abbrev  0x0000000000000ab1      0x17d sheet.o
 .debug_abbrev  0x0000000000000c2e      0x15f timer.o
 .debug_abbrev  0x0000000000000d8d      0x1c6 mtask.o
 .debug_abbrev  0x0000000000000f53      0x1c2 console.o
 .debug_abbrev  0x0000000000001115      0x130 window.o
 .debug_abbrev  0x0000000000001245      0x14c file.o

.debug_aranges  0x0000000000000000      0x1f8
 .debug_aranges
                0x0000000000000000       0x20 bootpack.o
 .debug_aranges
                0x0000000000000020       0x18 hankaku.o
 .debug_aranges
                0x0000000000000038       0x20 fifo.o
 .debug_aranges
                0x0000000000000058       0x20 int.o
 .debug_aranges
                0x0000000000000078       0x20 keyboard.o
 .debug_aranges
                0x0000000000000098       0x20 mouse.o
 .debug_aranges
                0x00000000000000b8       0x20 memory.o
 .debug_aranges
                0x00000000000000d8       0x20 mysprintf.o
 .debug_aranges
                0x00000000000000f8       0x20 graphic.o
 .debug_aranges
                0x0000000000000118       0x20 dsctbl.o
 .debug_aranges
                0x0000000000000138       0x20 sheet.o
 .debug_aranges
                0x0000000000000158       0x20 timer.o
 .debug_aranges
                0x0000000000000178       0x20 mtask.o
 .debug_aranges
                0x0000000000000198       0x20 console.o
 .debug_aranges
                0x00000000000001b8       0x20 window.o
 .debug_aranges
                0x00000000000001d8       0x20 file.o

.debug_line     0x0000000000000000     0x2303
 .debug_line    0x0000000000000000      0x3df bootpack.o
 .debug_line    0x00000000000003df       0x2a hankaku.o
 .debug_line    0x0000000000000409       0xec fifo.o
 .debug_line    0x00000000000004f5      0x112 int.o
 .debug_line    0x0000000000000607       0x7a keyboard.o
 .debug_line    0x0000000000000681       0xea mouse.o
 .debug_line    0x000000000000076b      0x24f memory.o
 .debug_line    0x00000000000009ba      0x1d1 mysprintf.o
 .debug_line    0x0000000000000b8b      0x2ff graphic.o
 .debug_line    0x0000000000000e8a       0xf1 dsctbl.o
 .debug_line    0x0000000000000f7b      0x539 sheet.o
 .debug_line    0x00000000000014b4      0x167 timer.o
 .debug_line    0x000000000000161b      0x30d mtask.o
 .debug_line    0x0000000000001928      0x652 console.o
 .debug_line    0x0000000000001f7a      0x13f window.o
 .debug_line    0x00000000000020b9      0x24a file.o

.debug_str      0x0000000000000000     0x2933
 .debug_str     0x0000000000000000      0x566 bootpack.o
 .debug_str     0x0000000000000566       0xd8 hankaku.o
 .debug_str     0x000000000000063e      0x1d0 fifo.o
 .debug_str     0x000000000000080e      0x3cd int.o
 .debug_str     0x0000000000000bdb      0x1e9 keyboard.o
 .debug_str     0x0000000000000dc4      0x1f8 mouse.o
 .debug_str     0x0000000000000fbc      0x240 memory.o
 .debug_str     0x00000000000011fc      0x12f mysprintf.o
 .debug_str     0x000000000000132b      0x259 graphic.o
 .debug_str     0x0000000000001584      0x264 dsctbl.o
 .debug_str     0x00000000000017e8      0x2ae sheet.o
 .debug_str     0x0000000000001a96      0x1ed timer.o
 .debug_str     0x0000000000001c83      0x2ef mtask.o
 .debug_str     0x0000000000001f72      0x592 console.o
 .debug_str     0x0000000000002504      0x235 window.o
 .debug_str     0x0000000000002739      0x1fa file.o

.comment        0x0000000000000000      0x2b0
 .comment       0x0000000000000000       0x2b bootpack.o
 .comment       0x000000000000002b       0x2b hankaku.o
 .comment       0x0000000000000056       0x2b fifo.o
 .comment       0x0000000000000081       0x2b int.o
 .comment       0x00000000000000ac       0x2b keyboard.o
 .comment       0x00000000000000d7       0x2b mouse.o
 .comment       0x0000000000000102       0x2b memory.o
 .comment       0x000000000000012d       0x2b mysprintf.o
 .comment       0x0000000000000158       0x2b graphic.o
 .comment       0x0000000000000183       0x2b dsctbl.o
 .comment       0x00000000000001ae       0x2b sheet.o
 .comment       0x00000000000001d9       0x2b timer.o
 .comment       0x0000000000000204       0x2b mtask.o
 .comment       0x000000000000022f       0x2b console.o
 .comment       0x000000000000025a       0x2b window.o
 .comment       0x0000000000000285       0x2b file.o

.note.GNU-stack
                0x0000000000000000        0x0
 .note.GNU-stack
                0x0000000000000000        0x0 bootpack.o
 .note.GNU-stack
                0x0000000000000000        0x0 hankaku.o
 .note.GNU-stack
                0x0000000000000000        0x0 fifo.o
 .note.GNU-stack
                0x0000000000000000        0x0 int.o
 .note.GNU-stack
                0x0000000000000000        0x0 keyboard.o
 .note.GNU-stack
                0x0000000000000000        0x0 mouse.o
 .note.GNU-stack
                0x0000000000000000        0x0 memory.o
 .note.GNU-stack
                0x0000000000000000        0x0 mysprintf.o
 .note.GNU-stack
                0x0000000000000000        0x0 graphic.o
 .note.GNU-stack
                0x0000000000000000        0x0 dsctbl.o
 .note.GNU-stack
                0x0000000000000000        0x0 sheet.o
 .note.GNU-stack
                0x0000000000000000        0x0 timer.o
 .note.GNU-stack
                0x0000000000000000        0x0 mtask.o
 .note.GNU-stack
                0x0000000000000000        0x0 console.o
 .note.GNU-stack
                0x0000000000000000        0x0 window.o
 .note.GNU-stack
                0x0000000000000000        0x0 file.o

.bss            0x00000000003113a0     0x2744 load address 0x0000000000005e40
 COMMON         0x00000000003113a0        0x8 keyboard.o
                0x00000000003113a0                keyfifo
                0x00000000003113a4                keydata0
 COMMON         0x00000000003113a8        0x8 mouse.o
                0x00000000003113a8                mousedata0
                0x00000000003113ac                mousefifo
 *fill*         0x00000000003113b0       0x10 
 COMMON         0x00000000003113c0     0x271c timer.o
                0x00000000003113c0                timerctl
 COMMON         0x0000000000313adc        0x8 mtask.o
                0x0000000000313adc                taskctl
                0x0000000000313ae0                task_timer
