
Discarded input sections

 .note.gnu.property
                0x0000000000000000       0x1c hello3.o
 .eh_frame      0x0000000000000000       0x38 hello3.o

Memory Configuration

Name             Origin             Length             Attributes
*default*        0x0000000000000000 0xffffffffffffffff

Linker script and memory map


.head           0x0000000000000000       0x24
                0x0000000000000000        0x4 LONG 0x10000
                0x0000000000000004        0x4 LONG 0x69726148
                0x0000000000000008        0x4 LONG 0x0
                0x000000000000000c        0x4 LONG 0x310000
                0x0000000000000010        0x4 LONG 0x0 SIZEOF (.data)
                0x0000000000000014        0x4 LONG 0x24 LOADADDR (.data)
                0x0000000000000018        0x4 LONG 0xe9000000
                0x000000000000001c        0x4 LONG 0x1c (HariMain - 0x20)
                0x0000000000000020        0x4 LONG 0x0

.data           0x0000000000000024        0x0
 .data          0x0000000000000024        0x0 hello3.o

.text           0x0000000000000030       0x5a
 *(.text)
 .text          0x0000000000000030        0xc a_nask.o
                0x0000000000000030                api_putchar
 .text          0x000000000000003c       0x4e hello3.o
                0x000000000000003c                HariMain

.bss            0x000000000000008a        0x0
 .bss           0x000000000000008a        0x0 hello3.o

/DISCARD/
 *(.eh_frame)
 *(.note.gnu.property)
LOAD a_nask.o
LOAD hello3.o
OUTPUT(hello3.hrb binary)

.debug_info     0x0000000000000000       0x38
 .debug_info    0x0000000000000000       0x38 hello3.o

.debug_abbrev   0x0000000000000000       0x2e
 .debug_abbrev  0x0000000000000000       0x2e hello3.o

.debug_aranges  0x0000000000000000       0x20
 .debug_aranges
                0x0000000000000000       0x20 hello3.o

.debug_line     0x0000000000000000       0x43
 .debug_line    0x0000000000000000       0x43 hello3.o

.debug_str      0x0000000000000000       0xc6
 .debug_str     0x0000000000000000       0xc6 hello3.o

.comment        0x0000000000000000       0x2b
 .comment       0x0000000000000000       0x2b hello3.o

.note.GNU-stack
                0x0000000000000000        0x0
 .note.GNU-stack
                0x0000000000000000        0x0 hello3.o
