
Allocating common symbols
Common symbol       size              file

mousedata0          0x4               mouse.o
keyfifo             0x4               keyboard.o
taskctl             0x4               mtask.o
timerctl            0x271c            timer.o
mousefifo           0x4               mouse.o
task_timer          0x4               mtask.o
keydata0            0x4               keyboard.o

Discarded input sections

 .note.gnu.property
                0x0000000000000000       0x1c bootpack.o
 .eh_frame      0x0000000000000000       0xf4 bootpack.o
 .note.gnu.property
                0x0000000000000000       0x1c hankaku.o
 .note.gnu.property
                0x0000000000000000       0x1c fifo.o
 .eh_frame      0x0000000000000000       0x98 fifo.o
 .note.gnu.property
                0x0000000000000000       0x1c int.o
 .eh_frame      0x0000000000000000       0x38 int.o
 .note.gnu.property
                0x0000000000000000       0x1c keyboard.o
 .eh_frame      0x0000000000000000       0x78 keyboard.o
 .note.gnu.property
                0x0000000000000000       0x1c mouse.o
 .eh_frame      0x0000000000000000       0x78 mouse.o
 .note.gnu.property
                0x0000000000000000       0x1c memory.o
 .eh_frame      0x0000000000000000      0x104 memory.o
 .note.gnu.property
                0x0000000000000000       0x1c mysprintf.o
 .eh_frame      0x0000000000000000       0xdc mysprintf.o
 .note.gnu.property
                0x0000000000000000       0x1c graphic.o
 .eh_frame      0x0000000000000000      0x124 graphic.o
 .note.gnu.property
                0x0000000000000000       0x1c dsctbl.o
 .eh_frame      0x0000000000000000       0x78 dsctbl.o
 .note.gnu.property
                0x0000000000000000       0x1c sheet.o
 .eh_frame      0x0000000000000000      0x15c sheet.o
 .note.gnu.property
                0x0000000000000000       0x1c timer.o
 .eh_frame      0x0000000000000000      0x118 timer.o
 .note.gnu.property
                0x0000000000000000       0x1c mtask.o
 .eh_frame      0x0000000000000000      0x158 mtask.o
 .note.gnu.property
                0x0000000000000000       0x1c console.o
 .eh_frame      0x0000000000000000      0x264 console.o
 .note.gnu.property
                0x0000000000000000       0x1c window.o
 .eh_frame      0x0000000000000000       0xd0 window.o
 .note.gnu.property
                0x0000000000000000       0x1c file.o
 .eh_frame      0x0000000000000000       0x78 file.o

Memory Configuration

Name             Origin             Length             Attributes
*default*        0x0000000000000000 0xffffffffffffffff

Linker script and memory map


.head           0x0000000000000000       0x24
                0x0000000000000000        0x4 LONG 0x10000
                0x0000000000000004        0x4 LONG 0x69726148
                0x0000000000000008        0x4 LONG 0x0
                0x000000000000000c        0x4 LONG 0x310000
                0x0000000000000010        0x4 LONG 0x1449 SIZEOF (.data)
                0x0000000000000014        0x4 LONG 0x61fe LOADADDR (.data)
                0x0000000000000018        0x4 LONG 0xe9000000
                0x000000000000001c        0x4 LONG 0x10 (HariMain - 0x20)
                0x0000000000000020        0x4 LONG 0x0

.text           0x0000000000000030     0x61ce
 *(.text)
 .text          0x0000000000000030      0xeac bootpack.o
                0x0000000000000030                HariMain
                0x0000000000000be1                keywin_off
                0x0000000000000c23                keywin_on
                0x0000000000000c65                open_constask
                0x0000000000000d68                open_console
                0x0000000000000e27                close_constask
                0x0000000000000e8a                close_console
 *fill*         0x0000000000000edc        0x4 
 .text          0x0000000000000ee0      0x1de nasmfunc.o
                0x0000000000000ee0                io_hlt
                0x0000000000000ee2                io_cli
                0x0000000000000ee4                io_sti
                0x0000000000000ee6                io_stihlt
                0x0000000000000ee9                io_in8
                0x0000000000000ef4                io_in16
                0x0000000000000f00                io_in32
                0x0000000000000f06                io_out8
                0x0000000000000f10                io_out16
                0x0000000000000f1b                io_out32
                0x0000000000000f25                io_load_eflags
                0x0000000000000f28                io_store_eflags
                0x0000000000000f2f                load_gdtr
                0x0000000000000f3f                load_idtr
                0x0000000000000f4f                load_cr0
                0x0000000000000f53                store_cr0
                0x0000000000000f5b                asm_inthandler20
                0x0000000000000fa8                asm_inthandler21
                0x0000000000000fbf                asm_inthandler2c
                0x0000000000000fd6                memtest_sub
                0x0000000000001018                load_tr
                0x000000000000101e                farjmp
                0x0000000000001023                farcall
                0x0000000000001028                asm_hrb_api
                0x0000000000001045                start_app
                0x0000000000001073                asm_inthandler0c
                0x0000000000001093                asm_inthandler0d
                0x00000000000010b3                asm_end_app
 .text          0x00000000000010be        0x0 hankaku.o
 .text          0x00000000000010be      0x188 fifo.o
                0x00000000000010be                fifo32_init
                0x0000000000001109                fifo32_put
                0x00000000000011ba                fifo32_get
                0x000000000000122d                fifo32_status
 .text          0x0000000000001246       0xdf int.o
                0x0000000000001246                init_pic
 .text          0x0000000000001325       0xb2 keyboard.o
                0x0000000000001325                inthandler21
                0x000000000000136e                wait_KBC_sendready
                0x0000000000001392                init_keyboard
 .text          0x00000000000013d7      0x1f0 mouse.o
                0x00000000000013d7                inthandler2c
                0x0000000000001432                enable_mouse
                0x0000000000001484                mouse_decode
 .text          0x00000000000015c7      0x4cd memory.o
                0x00000000000015c7                memtest
                0x0000000000001682                memman_init
                0x00000000000016b3                memman_total
                0x00000000000016f0                memman_alloc
                0x00000000000017dd                memman_free
                0x0000000000001a31                memman_alloc_4k
                0x0000000000001a61                memman_free_4k
 .text          0x0000000000001a94      0x2c2 mysprintf.o
                0x0000000000001a94                dec2asc
                0x0000000000001b2c                hex2asc
                0x0000000000001bbe                sprintf
                0x0000000000001c64                strcmp
                0x0000000000001cc9                strncmp
                0x0000000000001d2b                rand
 .text          0x0000000000001d56      0x71f graphic.o
                0x0000000000001d56                init_palette
                0x0000000000001ea8                set_palette
                0x0000000000001f58                boxfill8
                0x0000000000001fae                init_screen8
                0x00000000000021cf                putfont8
                0x00000000000022d5                putfonts8_asc
                0x0000000000002328                init_mouse_cursor8
                0x0000000000002402                putblock8_8
 .text          0x0000000000002475      0x25b dsctbl.o
                0x0000000000002475                init_gdtidt
                0x0000000000002608                set_segmdesc
                0x0000000000002687                set_gatedesc
 .text          0x00000000000026d0      0xf67 sheet.o
                0x00000000000026d0                shtctl_init
                0x00000000000027b7                sheet_alloc
                0x000000000000283c                sheet_setbuf
                0x0000000000002869                sheet_refreshmap
                0x0000000000002b73                sheet_refreshsub
                0x0000000000003105                sheet_updown
                0x0000000000003480                sheet_refresh
                0x00000000000034f5                sheet_slide
                0x000000000000360c                sheet_free
 .text          0x0000000000003637      0x3e9 timer.o
                0x0000000000003637                init_pit
                0x00000000000036dd                timer_alloc
                0x000000000000375e                timer_free
                0x000000000000376f                timer_init
                0x000000000000378b                timer_settime
                0x000000000000383b                inthandler20
                0x00000000000038ec                timer_cancel
                0x000000000000398d                timer_cancelall
 .text          0x0000000000003a20      0x67a mtask.o
                0x0000000000003a20                task_now
                0x0000000000003a54                task_add
                0x0000000000003aa1                task_remove
                0x0000000000003b62                task_switchsub
                0x0000000000003bb2                task_idle
                0x0000000000003bc3                task_init
                0x0000000000003ddc                task_alloc
                0x0000000000003f02                task_run
                0x0000000000003f73                task_sleep
                0x0000000000003fc7                task_switch
 .text          0x000000000000409a     0x188e console.o
                0x000000000000409a                console_task
                0x00000000000043f1                cons_putchar
                0x0000000000004513                cons_newline
                0x0000000000004629                cons_putstr0
                0x0000000000004660                cons_putstr1
                0x00000000000046a1                cons_runcmd
                0x0000000000004846                cmd_mem
                0x00000000000048a3                cmd_cls
                0x0000000000004925                cmd_dir
                0x0000000000004a5d                cmd_type
                0x0000000000004b2c                cmd_exit
                0x0000000000004c0a                cmd_start
                0x0000000000004cc8                cmd_ncst
                0x0000000000004d51                cmd_app
                0x00000000000050c2                hrb_api
                0x0000000000005723                inthandler0c
                0x000000000000578b                inthandler0d
                0x00000000000057f3                hrb_api_linewin
 .text          0x0000000000005928      0x60d window.o
                0x0000000000005928                make_window8
                0x0000000000005a9e                make_wtitle8
                0x0000000000005b9a                putfonts8_asc_sht
                0x0000000000005c3d                make_textbox8
                0x0000000000005e40                change_wtitle8
 .text          0x0000000000005f35      0x2c9 file.o
                0x0000000000005f35                file_readfat
                0x0000000000005fe9                file_loadfile
                0x0000000000006095                file_search

.data           0x0000000000310000     0x1449 load address 0x00000000000061fe
 *(.data)
 .data          0x0000000000310000      0x100 bootpack.o
 .data          0x0000000000310100        0x0 nasmfunc.o
 .data          0x0000000000310100     0x1000 hankaku.o
                0x0000000000310100                hankaku
 .data          0x0000000000311100        0x0 fifo.o
 .data          0x0000000000311100        0x0 int.o
 .data          0x0000000000311100        0x0 keyboard.o
 .data          0x0000000000311100        0x0 mouse.o
 .data          0x0000000000311100        0x0 memory.o
 .data          0x0000000000311100        0x4 mysprintf.o
 *fill*         0x0000000000311104       0x1c 
 .data          0x0000000000311120      0x140 graphic.o
 .data          0x0000000000311260        0x0 dsctbl.o
 .data          0x0000000000311260        0x0 sheet.o
 .data          0x0000000000311260        0x0 timer.o
 .data          0x0000000000311260        0x0 mtask.o
 .data          0x0000000000311260        0x0 console.o
 .data          0x0000000000311260       0xe0 window.o
 .data          0x0000000000311340        0x0 file.o
 *(.rodata*)
 .rodata        0x0000000000311340       0x28 bootpack.o
 .rodata        0x0000000000311368       0xe1 console.o
 *(.bss)
 .bss           0x0000000000311449        0x0 bootpack.o
 .bss           0x0000000000311449        0x0 hankaku.o
 .bss           0x0000000000311449        0x0 fifo.o
 .bss           0x0000000000311449        0x0 int.o
 .bss           0x0000000000311449        0x0 keyboard.o
 .bss           0x0000000000311449        0x0 mouse.o
 .bss           0x0000000000311449        0x0 memory.o
 .bss           0x0000000000311449        0x0 mysprintf.o
 .bss           0x0000000000311449        0x0 graphic.o
 .bss           0x0000000000311449        0x0 dsctbl.o
 .bss           0x0000000000311449        0x0 sheet.o
 .bss           0x0000000000311449        0x0 timer.o
 .bss           0x0000000000311449        0x0 mtask.o
 .bss           0x0000000000311449        0x0 console.o
 .bss           0x0000000000311449        0x0 window.o
 .bss           0x0000000000311449        0x0 file.o

/DISCARD/
 *(.eh_frame)
 *(.note.gnu.property)
LOAD bootpack.o
LOAD nasmfunc.o
LOAD hankaku.o
LOAD fifo.o
LOAD int.o
LOAD keyboard.o
LOAD mouse.o
LOAD memory.o
LOAD mysprintf.o
LOAD graphic.o
LOAD dsctbl.o
LOAD sheet.o
LOAD timer.o
LOAD mtask.o
LOAD console.o
LOAD window.o
LOAD file.o
OUTPUT(bootpack.hrb binary)

.debug_info     0x0000000000000000     0x8583
 .debug_info    0x0000000000000000      0xdd7 bootpack.o
 .debug_info    0x0000000000000dd7       0x4f hankaku.o
 .debug_info    0x0000000000000e26      0x69d fifo.o
 .debug_info    0x00000000000014c3      0x869 int.o
 .debug_info    0x0000000000001d2c      0x64e keyboard.o
 .debug_info    0x000000000000237a      0x6e5 mouse.o
 .debug_info    0x0000000000002a5f      0x86a memory.o
 .debug_info    0x00000000000032c9      0x25f mysprintf.o
 .debug_info    0x0000000000003528      0x9a0 graphic.o
 .debug_info    0x0000000000003ec8      0x749 dsctbl.o
 .debug_info    0x0000000000004611      0xbcb sheet.o
 .debug_info    0x00000000000051dc      0x7af timer.o
 .debug_info    0x000000000000598b      0x8ec mtask.o
 .debug_info    0x0000000000006277     0x12d4 console.o
 .debug_info    0x000000000000754b      0x886 window.o
 .debug_info    0x0000000000007dd1      0x7b2 file.o

.debug_abbrev   0x0000000000000000     0x1690
 .debug_abbrev  0x0000000000000000      0x1c2 bootpack.o
 .debug_abbrev  0x00000000000001c2       0x40 hankaku.o
 .debug_abbrev  0x0000000000000202      0x150 fifo.o
 .debug_abbrev  0x0000000000000352      0x119 int.o
 .debug_abbrev  0x000000000000046b      0x15d keyboard.o
 .debug_abbrev  0x00000000000005c8      0x161 mouse.o
 .debug_abbrev  0x0000000000000729      0x17f memory.o
 .debug_abbrev  0x00000000000008a8      0x11f mysprintf.o
 .debug_abbrev  0x00000000000009c7      0x14a graphic.o
 .debug_abbrev  0x0000000000000b11      0x130 dsctbl.o
 .debug_abbrev  0x0000000000000c41      0x1dd sheet.o
 .debug_abbrev  0x0000000000000e1e      0x1a8 timer.o
 .debug_abbrev  0x0000000000000fc6      0x1b3 mtask.o
 .debug_abbrev  0x0000000000001179      0x246 console.o
 .debug_abbrev  0x00000000000013bf      0x141 window.o
 .debug_abbrev  0x0000000000001500      0x190 file.o

.debug_aranges  0x0000000000000000      0x1f8
 .debug_aranges
                0x0000000000000000       0x20 bootpack.o
 .debug_aranges
                0x0000000000000020       0x18 hankaku.o
 .debug_aranges
                0x0000000000000038       0x20 fifo.o
 .debug_aranges
                0x0000000000000058       0x20 int.o
 .debug_aranges
                0x0000000000000078       0x20 keyboard.o
 .debug_aranges
                0x0000000000000098       0x20 mouse.o
 .debug_aranges
                0x00000000000000b8       0x20 memory.o
 .debug_aranges
                0x00000000000000d8       0x20 mysprintf.o
 .debug_aranges
                0x00000000000000f8       0x20 graphic.o
 .debug_aranges
                0x0000000000000118       0x20 dsctbl.o
 .debug_aranges
                0x0000000000000138       0x20 sheet.o
 .debug_aranges
                0x0000000000000158       0x20 timer.o
 .debug_aranges
                0x0000000000000178       0x20 mtask.o
 .debug_aranges
                0x0000000000000198       0x20 console.o
 .debug_aranges
                0x00000000000001b8       0x20 window.o
 .debug_aranges
                0x00000000000001d8       0x20 file.o

.debug_line     0x0000000000000000     0x2eda
 .debug_line    0x0000000000000000      0x62a bootpack.o
 .debug_line    0x000000000000062a       0x2a hankaku.o
 .debug_line    0x0000000000000654       0xec fifo.o
 .debug_line    0x0000000000000740      0x10a int.o
 .debug_line    0x000000000000084a       0x7a keyboard.o
 .debug_line    0x00000000000008c4       0xea mouse.o
 .debug_line    0x00000000000009ae      0x24f memory.o
 .debug_line    0x0000000000000bfd      0x1e6 mysprintf.o
 .debug_line    0x0000000000000de3      0x3de graphic.o
 .debug_line    0x00000000000011c1       0xf3 dsctbl.o
 .debug_line    0x00000000000012b4      0x833 sheet.o
 .debug_line    0x0000000000001ae7      0x1fc timer.o
 .debug_line    0x0000000000001ce3      0x310 mtask.o
 .debug_line    0x0000000000001ff3      0xad2 console.o
 .debug_line    0x0000000000002ac5      0x1ce window.o
 .debug_line    0x0000000000002c93      0x247 file.o

.debug_str      0x0000000000000000     0x3373
 .debug_str     0x0000000000000000      0x61a bootpack.o
 .debug_str     0x000000000000061a       0xd8 hankaku.o
 .debug_str     0x00000000000006f2      0x299 fifo.o
 .debug_str     0x000000000000098b      0x489 int.o
 .debug_str     0x0000000000000e14      0x2b2 keyboard.o
 .debug_str     0x00000000000010c6      0x2c1 mouse.o
 .debug_str     0x0000000000001387      0x309 memory.o
 .debug_str     0x0000000000001690      0x146 mysprintf.o
 .debug_str     0x00000000000017d6      0x317 graphic.o
 .debug_str     0x0000000000001aed      0x32d dsctbl.o
 .debug_str     0x0000000000001e1a      0x332 sheet.o
 .debug_str     0x000000000000214c      0x2cd timer.o
 .debug_str     0x0000000000002419      0x378 mtask.o
 .debug_str     0x0000000000002791      0x63e console.o
 .debug_str     0x0000000000002dcf      0x2e1 window.o
 .debug_str     0x00000000000030b0      0x2c3 file.o

.comment        0x0000000000000000      0x2b0
 .comment       0x0000000000000000       0x2b bootpack.o
 .comment       0x000000000000002b       0x2b hankaku.o
 .comment       0x0000000000000056       0x2b fifo.o
 .comment       0x0000000000000081       0x2b int.o
 .comment       0x00000000000000ac       0x2b keyboard.o
 .comment       0x00000000000000d7       0x2b mouse.o
 .comment       0x0000000000000102       0x2b memory.o
 .comment       0x000000000000012d       0x2b mysprintf.o
 .comment       0x0000000000000158       0x2b graphic.o
 .comment       0x0000000000000183       0x2b dsctbl.o
 .comment       0x00000000000001ae       0x2b sheet.o
 .comment       0x00000000000001d9       0x2b timer.o
 .comment       0x0000000000000204       0x2b mtask.o
 .comment       0x000000000000022f       0x2b console.o
 .comment       0x000000000000025a       0x2b window.o
 .comment       0x0000000000000285       0x2b file.o

.note.GNU-stack
                0x0000000000000000        0x0
 .note.GNU-stack
                0x0000000000000000        0x0 bootpack.o
 .note.GNU-stack
                0x0000000000000000        0x0 hankaku.o
 .note.GNU-stack
                0x0000000000000000        0x0 fifo.o
 .note.GNU-stack
                0x0000000000000000        0x0 int.o
 .note.GNU-stack
                0x0000000000000000        0x0 keyboard.o
 .note.GNU-stack
                0x0000000000000000        0x0 mouse.o
 .note.GNU-stack
                0x0000000000000000        0x0 memory.o
 .note.GNU-stack
                0x0000000000000000        0x0 mysprintf.o
 .note.GNU-stack
                0x0000000000000000        0x0 graphic.o
 .note.GNU-stack
                0x0000000000000000        0x0 dsctbl.o
 .note.GNU-stack
                0x0000000000000000        0x0 sheet.o
 .note.GNU-stack
                0x0000000000000000        0x0 timer.o
 .note.GNU-stack
                0x0000000000000000        0x0 mtask.o
 .note.GNU-stack
                0x0000000000000000        0x0 console.o
 .note.GNU-stack
                0x0000000000000000        0x0 window.o
 .note.GNU-stack
                0x0000000000000000        0x0 file.o

.bss            0x0000000000311460     0x2744 load address 0x0000000000007660
 COMMON         0x0000000000311460        0x8 keyboard.o
                0x0000000000311460                keyfifo
                0x0000000000311464                keydata0
 COMMON         0x0000000000311468        0x8 mouse.o
                0x0000000000311468                mousedata0
                0x000000000031146c                mousefifo
 *fill*         0x0000000000311470       0x10 
 COMMON         0x0000000000311480     0x271c timer.o
                0x0000000000311480                timerctl
 COMMON         0x0000000000313b9c        0x8 mtask.o
                0x0000000000313b9c                taskctl
                0x0000000000313ba0                task_timer
