
Discarded input sections

 .note.gnu.property
                0x0000000000000000       0x1c color.o
 .eh_frame      0x0000000000000000       0x3c color.o

Memory Configuration

Name             Origin             Length             Attributes
*default*        0x0000000000000000 0xffffffffffffffff

Linker script and memory map


.head           0x0000000000000000       0x24
                0x0000000000000000        0x4 LONG 0x10000
                0x0000000000000004        0x4 LONG 0x69726148
                0x0000000000000008        0x4 LONG 0x0
                0x000000000000000c        0x4 LONG 0x310000
                0x0000000000000010        0x4 LONG 0x6 SIZEOF (.data)
                0x0000000000000014        0x4 LONG 0x2e2 LOADADDR (.data)
                0x0000000000000018        0x4 LONG 0xe9000000
                0x000000000000001c        0x4 LONG 0x174 (HariMain - 0x20)
                0x0000000000000020        0x4 LONG 0x0

.text           0x0000000000000030      0x2b2
 *(.text)
 .text          0x0000000000000030      0x164 a_nask.o
                0x0000000000000030                api_putchar
                0x000000000000003c                api_putstr0
                0x000000000000004a                api_end
                0x0000000000000051                api_openwin
                0x0000000000000073                api_putstrwin
                0x000000000000009b                api_boxfilwin
                0x00000000000000c3                api_initmalloc
                0x00000000000000e4                api_malloc
                0x00000000000000f9                api_free
                0x0000000000000112                api_point
                0x0000000000000130                api_refreshwin
                0x0000000000000152                api_linewin
                0x000000000000017a                api_closewin
                0x0000000000000188                api_getkey
 .text          0x0000000000000194      0x14e color.o
                0x0000000000000194                HariMain

.data           0x0000000000310000        0x6 load address 0x00000000000002e2
 *(.data)
 .data          0x0000000000310000        0x0 color.o
 *(.rodata*)
 .rodata        0x0000000000310000        0x6 color.o
 *(.bss)
 .bss           0x0000000000310006        0x0 color.o

/DISCARD/
 *(.eh_frame)
 *(.note.gnu.property)
LOAD a_nask.o
LOAD color.o
OUTPUT(color.hrb binary)

.debug_info     0x0000000000000000       0xb0
 .debug_info    0x0000000000000000       0xb0 color.o

.debug_abbrev   0x0000000000000000       0x60
 .debug_abbrev  0x0000000000000000       0x60 color.o

.debug_aranges  0x0000000000000000       0x20
 .debug_aranges
                0x0000000000000000       0x20 color.o

.debug_line     0x0000000000000000       0xe2
 .debug_line    0x0000000000000000       0xe2 color.o

.debug_str      0x0000000000000000       0xca
 .debug_str     0x0000000000000000       0xca color.o

.comment        0x0000000000000000       0x2b
 .comment       0x0000000000000000       0x2b color.o

.note.GNU-stack
                0x0000000000000000        0x0
 .note.GNU-stack
                0x0000000000000000        0x0 color.o
