
Allocating common symbols
Common symbol       size              file

mousedata0          0x4               mouse.o
keyfifo             0x4               keyboard.o
taskctl             0x4               mtask.o
timerctl            0x271c            timer.o
mousefifo           0x4               mouse.o
task_timer          0x4               mtask.o
keydata0            0x4               keyboard.o

Discarded input sections

 .note.gnu.property
                0x0000000000000000       0x1c bootpack.o
 .eh_frame      0x0000000000000000       0xf4 bootpack.o
 .note.gnu.property
                0x0000000000000000       0x1c hankaku.o
 .note.gnu.property
                0x0000000000000000       0x1c fifo.o
 .eh_frame      0x0000000000000000       0x98 fifo.o
 .note.gnu.property
                0x0000000000000000       0x1c int.o
 .eh_frame      0x0000000000000000       0x38 int.o
 .note.gnu.property
                0x0000000000000000       0x1c keyboard.o
 .eh_frame      0x0000000000000000       0x78 keyboard.o
 .note.gnu.property
                0x0000000000000000       0x1c mouse.o
 .eh_frame      0x0000000000000000       0x78 mouse.o
 .note.gnu.property
                0x0000000000000000       0x1c memory.o
 .eh_frame      0x0000000000000000      0x104 memory.o
 .note.gnu.property
                0x0000000000000000       0x1c mysprintf.o
 .eh_frame      0x0000000000000000       0xdc mysprintf.o
 .note.gnu.property
                0x0000000000000000       0x1c graphic.o
 .eh_frame      0x0000000000000000      0x124 graphic.o
 .note.gnu.property
                0x0000000000000000       0x1c dsctbl.o
 .eh_frame      0x0000000000000000       0x78 dsctbl.o
 .note.gnu.property
                0x0000000000000000       0x1c sheet.o
 .eh_frame      0x0000000000000000      0x15c sheet.o
 .note.gnu.property
                0x0000000000000000       0x1c timer.o
 .eh_frame      0x0000000000000000      0x118 timer.o
 .note.gnu.property
                0x0000000000000000       0x1c mtask.o
 .eh_frame      0x0000000000000000      0x154 mtask.o
 .note.gnu.property
                0x0000000000000000       0x1c console.o
 .eh_frame      0x0000000000000000      0x260 console.o
 .note.gnu.property
                0x0000000000000000       0x1c window.o
 .eh_frame      0x0000000000000000       0xd0 window.o
 .note.gnu.property
                0x0000000000000000       0x1c file.o
 .eh_frame      0x0000000000000000       0x78 file.o

Memory Configuration

Name             Origin             Length             Attributes
*default*        0x0000000000000000 0xffffffffffffffff

Linker script and memory map


.head           0x0000000000000000       0x24
                0x0000000000000000        0x4 LONG 0x10000
                0x0000000000000004        0x4 LONG 0x69726148
                0x0000000000000008        0x4 LONG 0x0
                0x000000000000000c        0x4 LONG 0x310000
                0x0000000000000010        0x4 LONG 0x1449 SIZEOF (.data)
                0x0000000000000014        0x4 LONG 0x632c LOADADDR (.data)
                0x0000000000000018        0x4 LONG 0xe9000000
                0x000000000000001c        0x4 LONG 0x10 (HariMain - 0x20)
                0x0000000000000020        0x4 LONG 0x0

.text           0x0000000000000030     0x62fc
 *(.text)
 .text          0x0000000000000030      0xf6c bootpack.o
                0x0000000000000030                HariMain
                0x0000000000000ca1                keywin_off
                0x0000000000000ce3                keywin_on
                0x0000000000000d25                open_constask
                0x0000000000000e28                open_console
                0x0000000000000ee7                close_constask
                0x0000000000000f4a                close_console
 *fill*         0x0000000000000f9c        0x4 
 .text          0x0000000000000fa0      0x1de nasmfunc.o
                0x0000000000000fa0                io_hlt
                0x0000000000000fa2                io_cli
                0x0000000000000fa4                io_sti
                0x0000000000000fa6                io_stihlt
                0x0000000000000fa9                io_in8
                0x0000000000000fb4                io_in16
                0x0000000000000fc0                io_in32
                0x0000000000000fc6                io_out8
                0x0000000000000fd0                io_out16
                0x0000000000000fdb                io_out32
                0x0000000000000fe5                io_load_eflags
                0x0000000000000fe8                io_store_eflags
                0x0000000000000fef                load_gdtr
                0x0000000000000fff                load_idtr
                0x000000000000100f                load_cr0
                0x0000000000001013                store_cr0
                0x000000000000101b                asm_inthandler20
                0x0000000000001068                asm_inthandler21
                0x000000000000107f                asm_inthandler2c
                0x0000000000001096                memtest_sub
                0x00000000000010d8                load_tr
                0x00000000000010de                farjmp
                0x00000000000010e3                farcall
                0x00000000000010e8                asm_hrb_api
                0x0000000000001105                start_app
                0x0000000000001133                asm_inthandler0c
                0x0000000000001153                asm_inthandler0d
                0x0000000000001173                asm_end_app
 .text          0x000000000000117e        0x0 hankaku.o
 .text          0x000000000000117e      0x188 fifo.o
                0x000000000000117e                fifo32_init
                0x00000000000011c9                fifo32_put
                0x000000000000127a                fifo32_get
                0x00000000000012ed                fifo32_status
 .text          0x0000000000001306       0xdf int.o
                0x0000000000001306                init_pic
 .text          0x00000000000013e5       0xb2 keyboard.o
                0x00000000000013e5                inthandler21
                0x000000000000142e                wait_KBC_sendready
                0x0000000000001452                init_keyboard
 .text          0x0000000000001497      0x1f0 mouse.o
                0x0000000000001497                inthandler2c
                0x00000000000014f2                enable_mouse
                0x0000000000001544                mouse_decode
 .text          0x0000000000001687      0x4cd memory.o
                0x0000000000001687                memtest
                0x0000000000001742                memman_init
                0x0000000000001773                memman_total
                0x00000000000017b0                memman_alloc
                0x000000000000189d                memman_free
                0x0000000000001af1                memman_alloc_4k
                0x0000000000001b21                memman_free_4k
 .text          0x0000000000001b54      0x2c2 mysprintf.o
                0x0000000000001b54                dec2asc
                0x0000000000001bec                hex2asc
                0x0000000000001c7e                sprintf
                0x0000000000001d24                strcmp
                0x0000000000001d89                strncmp
                0x0000000000001deb                rand
 .text          0x0000000000001e16      0x71f graphic.o
                0x0000000000001e16                init_palette
                0x0000000000001f68                set_palette
                0x0000000000002018                boxfill8
                0x000000000000206e                init_screen8
                0x000000000000228f                putfont8
                0x0000000000002395                putfonts8_asc
                0x00000000000023e8                init_mouse_cursor8
                0x00000000000024c2                putblock8_8
 .text          0x0000000000002535      0x25b dsctbl.o
                0x0000000000002535                init_gdtidt
                0x00000000000026c8                set_segmdesc
                0x0000000000002747                set_gatedesc
 .text          0x0000000000002790      0xf67 sheet.o
                0x0000000000002790                shtctl_init
                0x0000000000002877                sheet_alloc
                0x00000000000028fc                sheet_setbuf
                0x0000000000002929                sheet_refreshmap
                0x0000000000002c33                sheet_refreshsub
                0x00000000000031c5                sheet_updown
                0x0000000000003540                sheet_refresh
                0x00000000000035b5                sheet_slide
                0x00000000000036cc                sheet_free
 .text          0x00000000000036f7      0x3e9 timer.o
                0x00000000000036f7                init_pit
                0x000000000000379d                timer_alloc
                0x000000000000381e                timer_free
                0x000000000000382f                timer_init
                0x000000000000384b                timer_settime
                0x00000000000038fb                inthandler20
                0x00000000000039ac                timer_cancel
                0x0000000000003a4d                timer_cancelall
 .text          0x0000000000003ae0      0x6bc mtask.o
                0x0000000000003ae0                task_now
                0x0000000000003b14                task_add
                0x0000000000003b61                task_remove
                0x0000000000003c22                task_switchsub
                0x0000000000003c72                task_idle
                0x0000000000003c83                task_init
                0x0000000000003ef3                task_alloc
                0x0000000000004004                task_run
                0x0000000000004075                task_sleep
                0x00000000000040c9                task_switch
 .text          0x000000000000419c     0x18ba console.o
                0x000000000000419c                console_task
                0x00000000000044ff                cons_putchar
                0x0000000000004621                cons_newline
                0x0000000000004737                cons_putstr0
                0x000000000000476e                cons_putstr1
                0x00000000000047af                cons_runcmd
                0x0000000000004954                cmd_mem
                0x00000000000049b1                cmd_cls
                0x0000000000004a33                cmd_dir
                0x0000000000004b6b                cmd_type
                0x0000000000004c3a                cmd_exit
                0x0000000000004d18                cmd_start
                0x0000000000004dd6                cmd_ncst
                0x0000000000004e5f                cmd_app
                0x0000000000005185                hrb_api
                0x0000000000005851                inthandler0c
                0x00000000000058b9                inthandler0d
                0x0000000000005921                hrb_api_linewin
 .text          0x0000000000005a56      0x60d window.o
                0x0000000000005a56                make_window8
                0x0000000000005bcc                make_wtitle8
                0x0000000000005cc8                putfonts8_asc_sht
                0x0000000000005d6b                make_textbox8
                0x0000000000005f6e                change_wtitle8
 .text          0x0000000000006063      0x2c9 file.o
                0x0000000000006063                file_readfat
                0x0000000000006117                file_loadfile
                0x00000000000061c3                file_search

.data           0x0000000000310000     0x1449 load address 0x000000000000632c
 *(.data)
 .data          0x0000000000310000      0x100 bootpack.o
 .data          0x0000000000310100        0x0 nasmfunc.o
 .data          0x0000000000310100     0x1000 hankaku.o
                0x0000000000310100                hankaku
 .data          0x0000000000311100        0x0 fifo.o
 .data          0x0000000000311100        0x0 int.o
 .data          0x0000000000311100        0x0 keyboard.o
 .data          0x0000000000311100        0x0 mouse.o
 .data          0x0000000000311100        0x0 memory.o
 .data          0x0000000000311100        0x4 mysprintf.o
 *fill*         0x0000000000311104       0x1c 
 .data          0x0000000000311120      0x140 graphic.o
 .data          0x0000000000311260        0x0 dsctbl.o
 .data          0x0000000000311260        0x0 sheet.o
 .data          0x0000000000311260        0x0 timer.o
 .data          0x0000000000311260        0x0 mtask.o
 .data          0x0000000000311260        0x0 console.o
 .data          0x0000000000311260       0xe0 window.o
 .data          0x0000000000311340        0x0 file.o
 *(.rodata*)
 .rodata        0x0000000000311340       0x28 bootpack.o
 .rodata        0x0000000000311368       0xe1 console.o
 *(.bss)
 .bss           0x0000000000311449        0x0 bootpack.o
 .bss           0x0000000000311449        0x0 hankaku.o
 .bss           0x0000000000311449        0x0 fifo.o
 .bss           0x0000000000311449        0x0 int.o
 .bss           0x0000000000311449        0x0 keyboard.o
 .bss           0x0000000000311449        0x0 mouse.o
 .bss           0x0000000000311449        0x0 memory.o
 .bss           0x0000000000311449        0x0 mysprintf.o
 .bss           0x0000000000311449        0x0 graphic.o
 .bss           0x0000000000311449        0x0 dsctbl.o
 .bss           0x0000000000311449        0x0 sheet.o
 .bss           0x0000000000311449        0x0 timer.o
 .bss           0x0000000000311449        0x0 mtask.o
 .bss           0x0000000000311449        0x0 console.o
 .bss           0x0000000000311449        0x0 window.o
 .bss           0x0000000000311449        0x0 file.o

/DISCARD/
 *(.eh_frame)
 *(.note.gnu.property)
LOAD bootpack.o
LOAD nasmfunc.o
LOAD hankaku.o
LOAD fifo.o
LOAD int.o
LOAD keyboard.o
LOAD mouse.o
LOAD memory.o
LOAD mysprintf.o
LOAD graphic.o
LOAD dsctbl.o
LOAD sheet.o
LOAD timer.o
LOAD mtask.o
LOAD console.o
LOAD window.o
LOAD file.o
OUTPUT(bootpack.hrb binary)

.debug_info     0x0000000000000000     0x8b16
 .debug_info    0x0000000000000000      0xe60 bootpack.o
 .debug_info    0x0000000000000e60       0x4f hankaku.o
 .debug_info    0x0000000000000eaf      0x716 fifo.o
 .debug_info    0x00000000000015c5      0x8e2 int.o
 .debug_info    0x0000000000001ea7      0x6c7 keyboard.o
 .debug_info    0x000000000000256e      0x75e mouse.o
 .debug_info    0x0000000000002ccc      0x8e3 memory.o
 .debug_info    0x00000000000035af      0x25f mysprintf.o
 .debug_info    0x000000000000380e      0xa19 graphic.o
 .debug_info    0x0000000000004227      0x766 dsctbl.o
 .debug_info    0x000000000000498d      0xc44 sheet.o
 .debug_info    0x00000000000055d1      0x828 timer.o
 .debug_info    0x0000000000005df9      0x909 mtask.o
 .debug_info    0x0000000000006702     0x12ea console.o
 .debug_info    0x00000000000079ec      0x8ff window.o
 .debug_info    0x00000000000082eb      0x82b file.o

.debug_abbrev   0x0000000000000000     0x1690
 .debug_abbrev  0x0000000000000000      0x1c2 bootpack.o
 .debug_abbrev  0x00000000000001c2       0x40 hankaku.o
 .debug_abbrev  0x0000000000000202      0x150 fifo.o
 .debug_abbrev  0x0000000000000352      0x119 int.o
 .debug_abbrev  0x000000000000046b      0x15d keyboard.o
 .debug_abbrev  0x00000000000005c8      0x161 mouse.o
 .debug_abbrev  0x0000000000000729      0x17f memory.o
 .debug_abbrev  0x00000000000008a8      0x11f mysprintf.o
 .debug_abbrev  0x00000000000009c7      0x14a graphic.o
 .debug_abbrev  0x0000000000000b11      0x130 dsctbl.o
 .debug_abbrev  0x0000000000000c41      0x1dd sheet.o
 .debug_abbrev  0x0000000000000e1e      0x1a8 timer.o
 .debug_abbrev  0x0000000000000fc6      0x1b3 mtask.o
 .debug_abbrev  0x0000000000001179      0x246 console.o
 .debug_abbrev  0x00000000000013bf      0x141 window.o
 .debug_abbrev  0x0000000000001500      0x190 file.o

.debug_aranges  0x0000000000000000      0x1f8
 .debug_aranges
                0x0000000000000000       0x20 bootpack.o
 .debug_aranges
                0x0000000000000020       0x18 hankaku.o
 .debug_aranges
                0x0000000000000038       0x20 fifo.o
 .debug_aranges
                0x0000000000000058       0x20 int.o
 .debug_aranges
                0x0000000000000078       0x20 keyboard.o
 .debug_aranges
                0x0000000000000098       0x20 mouse.o
 .debug_aranges
                0x00000000000000b8       0x20 memory.o
 .debug_aranges
                0x00000000000000d8       0x20 mysprintf.o
 .debug_aranges
                0x00000000000000f8       0x20 graphic.o
 .debug_aranges
                0x0000000000000118       0x20 dsctbl.o
 .debug_aranges
                0x0000000000000138       0x20 sheet.o
 .debug_aranges
                0x0000000000000158       0x20 timer.o
 .debug_aranges
                0x0000000000000178       0x20 mtask.o
 .debug_aranges
                0x0000000000000198       0x20 console.o
 .debug_aranges
                0x00000000000001b8       0x20 window.o
 .debug_aranges
                0x00000000000001d8       0x20 file.o

.debug_line     0x0000000000000000     0x2f8d
 .debug_line    0x0000000000000000      0x65b bootpack.o
 .debug_line    0x000000000000065b       0x2a hankaku.o
 .debug_line    0x0000000000000685       0xec fifo.o
 .debug_line    0x0000000000000771      0x10a int.o
 .debug_line    0x000000000000087b       0x7a keyboard.o
 .debug_line    0x00000000000008f5       0xea mouse.o
 .debug_line    0x00000000000009df      0x24f memory.o
 .debug_line    0x0000000000000c2e      0x1e6 mysprintf.o
 .debug_line    0x0000000000000e14      0x3de graphic.o
 .debug_line    0x00000000000011f2       0xf3 dsctbl.o
 .debug_line    0x00000000000012e5      0x833 sheet.o
 .debug_line    0x0000000000001b18      0x1fc timer.o
 .debug_line    0x0000000000001d14      0x34f mtask.o
 .debug_line    0x0000000000002063      0xb15 console.o
 .debug_line    0x0000000000002b78      0x1ce window.o
 .debug_line    0x0000000000002d46      0x247 file.o

.debug_str      0x0000000000000000     0x378c
 .debug_str     0x0000000000000000      0x679 bootpack.o
 .debug_str     0x0000000000000679       0xe1 hankaku.o
 .debug_str     0x000000000000075a      0x2f3 fifo.o
 .debug_str     0x0000000000000a4d      0x4e3 int.o
 .debug_str     0x0000000000000f30      0x30c keyboard.o
 .debug_str     0x000000000000123c      0x31b mouse.o
 .debug_str     0x0000000000001557      0x363 memory.o
 .debug_str     0x00000000000018ba      0x14f mysprintf.o
 .debug_str     0x0000000000001a09      0x371 graphic.o
 .debug_str     0x0000000000001d7a      0x336 dsctbl.o
 .debug_str     0x00000000000020b0      0x38c sheet.o
 .debug_str     0x000000000000243c      0x327 timer.o
 .debug_str     0x0000000000002763      0x381 mtask.o
 .debug_str     0x0000000000002ae4      0x650 console.o
 .debug_str     0x0000000000003134      0x33b window.o
 .debug_str     0x000000000000346f      0x31d file.o

.comment        0x0000000000000000      0x2b0
 .comment       0x0000000000000000       0x2b bootpack.o
 .comment       0x000000000000002b       0x2b hankaku.o
 .comment       0x0000000000000056       0x2b fifo.o
 .comment       0x0000000000000081       0x2b int.o
 .comment       0x00000000000000ac       0x2b keyboard.o
 .comment       0x00000000000000d7       0x2b mouse.o
 .comment       0x0000000000000102       0x2b memory.o
 .comment       0x000000000000012d       0x2b mysprintf.o
 .comment       0x0000000000000158       0x2b graphic.o
 .comment       0x0000000000000183       0x2b dsctbl.o
 .comment       0x00000000000001ae       0x2b sheet.o
 .comment       0x00000000000001d9       0x2b timer.o
 .comment       0x0000000000000204       0x2b mtask.o
 .comment       0x000000000000022f       0x2b console.o
 .comment       0x000000000000025a       0x2b window.o
 .comment       0x0000000000000285       0x2b file.o

.note.GNU-stack
                0x0000000000000000        0x0
 .note.GNU-stack
                0x0000000000000000        0x0 bootpack.o
 .note.GNU-stack
                0x0000000000000000        0x0 hankaku.o
 .note.GNU-stack
                0x0000000000000000        0x0 fifo.o
 .note.GNU-stack
                0x0000000000000000        0x0 int.o
 .note.GNU-stack
                0x0000000000000000        0x0 keyboard.o
 .note.GNU-stack
                0x0000000000000000        0x0 mouse.o
 .note.GNU-stack
                0x0000000000000000        0x0 memory.o
 .note.GNU-stack
                0x0000000000000000        0x0 mysprintf.o
 .note.GNU-stack
                0x0000000000000000        0x0 graphic.o
 .note.GNU-stack
                0x0000000000000000        0x0 dsctbl.o
 .note.GNU-stack
                0x0000000000000000        0x0 sheet.o
 .note.GNU-stack
                0x0000000000000000        0x0 timer.o
 .note.GNU-stack
                0x0000000000000000        0x0 mtask.o
 .note.GNU-stack
                0x0000000000000000        0x0 console.o
 .note.GNU-stack
                0x0000000000000000        0x0 window.o
 .note.GNU-stack
                0x0000000000000000        0x0 file.o

.bss            0x0000000000311460     0x2744 load address 0x00000000000077a0
 COMMON         0x0000000000311460        0x8 keyboard.o
                0x0000000000311460                keyfifo
                0x0000000000311464                keydata0
 COMMON         0x0000000000311468        0x8 mouse.o
                0x0000000000311468                mousedata0
                0x000000000031146c                mousefifo
 *fill*         0x0000000000311470       0x10 
 COMMON         0x0000000000311480     0x271c timer.o
                0x0000000000311480                timerctl
 COMMON         0x0000000000313b9c        0x8 mtask.o
                0x0000000000313b9c                taskctl
                0x0000000000313ba0                task_timer
