
Allocating common symbols
Common symbol       size              file

mousedata0          0x4               mouse.o
keyfifo             0x4               keyboard.o
taskctl             0x4               mtask.o
timerctl            0x271c            timer.o
mousefifo           0x4               mouse.o
task_timer          0x4               mtask.o
keydata0            0x4               keyboard.o

Discarded input sections

 .note.gnu.property
                0x0000000000000000       0x1c bootpack.o
 .eh_frame      0x0000000000000000       0xd4 bootpack.o
 .note.gnu.property
                0x0000000000000000       0x1c hankaku.o
 .note.gnu.property
                0x0000000000000000       0x1c fifo.o
 .eh_frame      0x0000000000000000       0x98 fifo.o
 .note.gnu.property
                0x0000000000000000       0x1c int.o
 .eh_frame      0x0000000000000000       0x38 int.o
 .note.gnu.property
                0x0000000000000000       0x1c keyboard.o
 .eh_frame      0x0000000000000000       0x78 keyboard.o
 .note.gnu.property
                0x0000000000000000       0x1c mouse.o
 .eh_frame      0x0000000000000000       0x78 mouse.o
 .note.gnu.property
                0x0000000000000000       0x1c memory.o
 .eh_frame      0x0000000000000000      0x104 memory.o
 .note.gnu.property
                0x0000000000000000       0x1c mysprintf.o
 .eh_frame      0x0000000000000000       0xdc mysprintf.o
 .note.gnu.property
                0x0000000000000000       0x1c graphic.o
 .eh_frame      0x0000000000000000      0x124 graphic.o
 .note.gnu.property
                0x0000000000000000       0x1c dsctbl.o
 .eh_frame      0x0000000000000000       0x78 dsctbl.o
 .note.gnu.property
                0x0000000000000000       0x1c sheet.o
 .eh_frame      0x0000000000000000      0x15c sheet.o
 .note.gnu.property
                0x0000000000000000       0x1c timer.o
 .eh_frame      0x0000000000000000      0x118 timer.o
 .note.gnu.property
                0x0000000000000000       0x1c mtask.o
 .eh_frame      0x0000000000000000      0x158 mtask.o
 .note.gnu.property
                0x0000000000000000       0x1c console.o
 .eh_frame      0x0000000000000000      0x224 console.o
 .note.gnu.property
                0x0000000000000000       0x1c window.o
 .eh_frame      0x0000000000000000       0xd0 window.o
 .note.gnu.property
                0x0000000000000000       0x1c file.o
 .eh_frame      0x0000000000000000       0x78 file.o

Memory Configuration

Name             Origin             Length             Attributes
*default*        0x0000000000000000 0xffffffffffffffff

Linker script and memory map


.head           0x0000000000000000       0x24
                0x0000000000000000        0x4 LONG 0x10000
                0x0000000000000004        0x4 LONG 0x69726148
                0x0000000000000008        0x4 LONG 0x0
                0x000000000000000c        0x4 LONG 0x310000
                0x0000000000000010        0x4 LONG 0x143d SIZEOF (.data)
                0x0000000000000014        0x4 LONG 0x5f30 LOADADDR (.data)
                0x0000000000000018        0x4 LONG 0xe9000000
                0x000000000000001c        0x4 LONG 0x10 (HariMain - 0x20)
                0x0000000000000020        0x4 LONG 0x0

.text           0x0000000000000030     0x5f00
 *(.text)
 .text          0x0000000000000030      0xe3c bootpack.o
                0x0000000000000030                HariMain
                0x0000000000000b95                keywin_off
                0x0000000000000bd7                keywin_on
                0x0000000000000c19                open_console
                0x0000000000000db7                close_constask
                0x0000000000000e1a                close_console
 *fill*         0x0000000000000e6c        0x4 
 .text          0x0000000000000e70      0x1de nasmfunc.o
                0x0000000000000e70                io_hlt
                0x0000000000000e72                io_cli
                0x0000000000000e74                io_sti
                0x0000000000000e76                io_stihlt
                0x0000000000000e79                io_in8
                0x0000000000000e84                io_in16
                0x0000000000000e90                io_in32
                0x0000000000000e96                io_out8
                0x0000000000000ea0                io_out16
                0x0000000000000eab                io_out32
                0x0000000000000eb5                io_load_eflags
                0x0000000000000eb8                io_store_eflags
                0x0000000000000ebf                load_gdtr
                0x0000000000000ecf                load_idtr
                0x0000000000000edf                load_cr0
                0x0000000000000ee3                store_cr0
                0x0000000000000eeb                asm_inthandler20
                0x0000000000000f38                asm_inthandler21
                0x0000000000000f4f                asm_inthandler2c
                0x0000000000000f66                memtest_sub
                0x0000000000000fa8                load_tr
                0x0000000000000fae                farjmp
                0x0000000000000fb3                farcall
                0x0000000000000fb8                asm_hrb_api
                0x0000000000000fd5                start_app
                0x0000000000001003                asm_inthandler0c
                0x0000000000001023                asm_inthandler0d
                0x0000000000001043                asm_end_app
 .text          0x000000000000104e        0x0 hankaku.o
 .text          0x000000000000104e      0x188 fifo.o
                0x000000000000104e                fifo32_init
                0x0000000000001099                fifo32_put
                0x000000000000114a                fifo32_get
                0x00000000000011bd                fifo32_status
 .text          0x00000000000011d6       0xdf int.o
                0x00000000000011d6                init_pic
 .text          0x00000000000012b5       0xb2 keyboard.o
                0x00000000000012b5                inthandler21
                0x00000000000012fe                wait_KBC_sendready
                0x0000000000001322                init_keyboard
 .text          0x0000000000001367      0x1f0 mouse.o
                0x0000000000001367                inthandler2c
                0x00000000000013c2                enable_mouse
                0x0000000000001414                mouse_decode
 .text          0x0000000000001557      0x4cd memory.o
                0x0000000000001557                memtest
                0x0000000000001612                memman_init
                0x0000000000001643                memman_total
                0x0000000000001680                memman_alloc
                0x000000000000176d                memman_free
                0x00000000000019c1                memman_alloc_4k
                0x00000000000019f1                memman_free_4k
 .text          0x0000000000001a24      0x2c2 mysprintf.o
                0x0000000000001a24                dec2asc
                0x0000000000001abc                hex2asc
                0x0000000000001b4e                sprintf
                0x0000000000001bf4                strcmp
                0x0000000000001c59                strncmp
                0x0000000000001cbb                rand
 .text          0x0000000000001ce6      0x71f graphic.o
                0x0000000000001ce6                init_palette
                0x0000000000001e38                set_palette
                0x0000000000001ee8                boxfill8
                0x0000000000001f3e                init_screen8
                0x000000000000215f                putfont8
                0x0000000000002265                putfonts8_asc
                0x00000000000022b8                init_mouse_cursor8
                0x0000000000002392                putblock8_8
 .text          0x0000000000002405      0x25b dsctbl.o
                0x0000000000002405                init_gdtidt
                0x0000000000002598                set_segmdesc
                0x0000000000002617                set_gatedesc
 .text          0x0000000000002660      0xf67 sheet.o
                0x0000000000002660                shtctl_init
                0x0000000000002747                sheet_alloc
                0x00000000000027cc                sheet_setbuf
                0x00000000000027f9                sheet_refreshmap
                0x0000000000002b03                sheet_refreshsub
                0x0000000000003095                sheet_updown
                0x0000000000003410                sheet_refresh
                0x0000000000003485                sheet_slide
                0x000000000000359c                sheet_free
 .text          0x00000000000035c7      0x3e9 timer.o
                0x00000000000035c7                init_pit
                0x000000000000366d                timer_alloc
                0x00000000000036ee                timer_free
                0x00000000000036ff                timer_init
                0x000000000000371b                timer_settime
                0x00000000000037cb                inthandler20
                0x000000000000387c                timer_cancel
                0x000000000000391d                timer_cancelall
 .text          0x00000000000039b0      0x67a mtask.o
                0x00000000000039b0                task_now
                0x00000000000039e4                task_add
                0x0000000000003a31                task_remove
                0x0000000000003af2                task_switchsub
                0x0000000000003b42                task_idle
                0x0000000000003b53                task_init
                0x0000000000003d6c                task_alloc
                0x0000000000003e92                task_run
                0x0000000000003f03                task_sleep
                0x0000000000003f57                task_switch
 .text          0x000000000000402a     0x1630 console.o
                0x000000000000402a                console_task
                0x0000000000004353                cons_putchar
                0x000000000000445f                cons_newline
                0x000000000000456b                cons_putstr0
                0x00000000000045a2                cons_putstr1
                0x00000000000045e3                cons_runcmd
                0x0000000000004700                cmd_mem
                0x000000000000475d                cmd_cls
                0x00000000000047df                cmd_dir
                0x0000000000004917                cmd_type
                0x00000000000049e6                cmd_exit
                0x0000000000004a83                cmd_app
                0x0000000000004df4                hrb_api
                0x0000000000005455                inthandler0c
                0x00000000000054bd                inthandler0d
                0x0000000000005525                hrb_api_linewin
 .text          0x000000000000565a      0x60d window.o
                0x000000000000565a                make_window8
                0x00000000000057d0                make_wtitle8
                0x00000000000058cc                putfonts8_asc_sht
                0x000000000000596f                make_textbox8
                0x0000000000005b72                change_wtitle8
 .text          0x0000000000005c67      0x2c9 file.o
                0x0000000000005c67                file_readfat
                0x0000000000005d1b                file_loadfile
                0x0000000000005dc7                file_search

.data           0x0000000000310000     0x143d load address 0x0000000000005f30
 *(.data)
 .data          0x0000000000310000      0x100 bootpack.o
 .data          0x0000000000310100        0x0 nasmfunc.o
 .data          0x0000000000310100     0x1000 hankaku.o
                0x0000000000310100                hankaku
 .data          0x0000000000311100        0x0 fifo.o
 .data          0x0000000000311100        0x0 int.o
 .data          0x0000000000311100        0x0 keyboard.o
 .data          0x0000000000311100        0x0 mouse.o
 .data          0x0000000000311100        0x0 memory.o
 .data          0x0000000000311100        0x4 mysprintf.o
 *fill*         0x0000000000311104       0x1c 
 .data          0x0000000000311120      0x140 graphic.o
 .data          0x0000000000311260        0x0 dsctbl.o
 .data          0x0000000000311260        0x0 sheet.o
 .data          0x0000000000311260        0x0 timer.o
 .data          0x0000000000311260        0x0 mtask.o
 .data          0x0000000000311260        0x0 console.o
 .data          0x0000000000311260       0xe0 window.o
 .data          0x0000000000311340        0x0 file.o
 *(.rodata*)
 .rodata        0x0000000000311340       0x28 bootpack.o
 .rodata        0x0000000000311368       0xd5 console.o
 *(.bss)
 .bss           0x000000000031143d        0x0 bootpack.o
 .bss           0x000000000031143d        0x0 hankaku.o
 .bss           0x000000000031143d        0x0 fifo.o
 .bss           0x000000000031143d        0x0 int.o
 .bss           0x000000000031143d        0x0 keyboard.o
 .bss           0x000000000031143d        0x0 mouse.o
 .bss           0x000000000031143d        0x0 memory.o
 .bss           0x000000000031143d        0x0 mysprintf.o
 .bss           0x000000000031143d        0x0 graphic.o
 .bss           0x000000000031143d        0x0 dsctbl.o
 .bss           0x000000000031143d        0x0 sheet.o
 .bss           0x000000000031143d        0x0 timer.o
 .bss           0x000000000031143d        0x0 mtask.o
 .bss           0x000000000031143d        0x0 console.o
 .bss           0x000000000031143d        0x0 window.o
 .bss           0x000000000031143d        0x0 file.o

/DISCARD/
 *(.eh_frame)
 *(.note.gnu.property)
LOAD bootpack.o
LOAD nasmfunc.o
LOAD hankaku.o
LOAD fifo.o
LOAD int.o
LOAD keyboard.o
LOAD mouse.o
LOAD memory.o
LOAD mysprintf.o
LOAD graphic.o
LOAD dsctbl.o
LOAD sheet.o
LOAD timer.o
LOAD mtask.o
LOAD console.o
LOAD window.o
LOAD file.o
OUTPUT(bootpack.hrb binary)

.debug_info     0x0000000000000000     0x7a76
 .debug_info    0x0000000000000000      0xccc bootpack.o
 .debug_info    0x0000000000000ccc       0x4f hankaku.o
 .debug_info    0x0000000000000d1b      0x5de fifo.o
 .debug_info    0x00000000000012f9      0x7aa int.o
 .debug_info    0x0000000000001aa3      0x58f keyboard.o
 .debug_info    0x0000000000002032      0x626 mouse.o
 .debug_info    0x0000000000002658      0x7ab memory.o
 .debug_info    0x0000000000002e03      0x25f mysprintf.o
 .debug_info    0x0000000000003062      0x8e1 graphic.o
 .debug_info    0x0000000000003943      0x68a dsctbl.o
 .debug_info    0x0000000000003fcd      0xb0c sheet.o
 .debug_info    0x0000000000004ad9      0x6f0 timer.o
 .debug_info    0x00000000000051c9      0x8e4 mtask.o
 .debug_info    0x0000000000005aad     0x110f console.o
 .debug_info    0x0000000000006bbc      0x7c7 window.o
 .debug_info    0x0000000000007383      0x6f3 file.o

.debug_abbrev   0x0000000000000000     0x15aa
 .debug_abbrev  0x0000000000000000      0x1b1 bootpack.o
 .debug_abbrev  0x00000000000001b1       0x40 hankaku.o
 .debug_abbrev  0x00000000000001f1      0x13f fifo.o
 .debug_abbrev  0x0000000000000330      0x108 int.o
 .debug_abbrev  0x0000000000000438      0x14c keyboard.o
 .debug_abbrev  0x0000000000000584      0x150 mouse.o
 .debug_abbrev  0x00000000000006d4      0x16e memory.o
 .debug_abbrev  0x0000000000000842      0x11f mysprintf.o
 .debug_abbrev  0x0000000000000961      0x139 graphic.o
 .debug_abbrev  0x0000000000000a9a      0x11f dsctbl.o
 .debug_abbrev  0x0000000000000bb9      0x1cc sheet.o
 .debug_abbrev  0x0000000000000d85      0x197 timer.o
 .debug_abbrev  0x0000000000000f1c      0x1c6 mtask.o
 .debug_abbrev  0x00000000000010e2      0x219 console.o
 .debug_abbrev  0x00000000000012fb      0x130 window.o
 .debug_abbrev  0x000000000000142b      0x17f file.o

.debug_aranges  0x0000000000000000      0x1f8
 .debug_aranges
                0x0000000000000000       0x20 bootpack.o
 .debug_aranges
                0x0000000000000020       0x18 hankaku.o
 .debug_aranges
                0x0000000000000038       0x20 fifo.o
 .debug_aranges
                0x0000000000000058       0x20 int.o
 .debug_aranges
                0x0000000000000078       0x20 keyboard.o
 .debug_aranges
                0x0000000000000098       0x20 mouse.o
 .debug_aranges
                0x00000000000000b8       0x20 memory.o
 .debug_aranges
                0x00000000000000d8       0x20 mysprintf.o
 .debug_aranges
                0x00000000000000f8       0x20 graphic.o
 .debug_aranges
                0x0000000000000118       0x20 dsctbl.o
 .debug_aranges
                0x0000000000000138       0x20 sheet.o
 .debug_aranges
                0x0000000000000158       0x20 timer.o
 .debug_aranges
                0x0000000000000178       0x20 mtask.o
 .debug_aranges
                0x0000000000000198       0x20 console.o
 .debug_aranges
                0x00000000000001b8       0x20 window.o
 .debug_aranges
                0x00000000000001d8       0x20 file.o

.debug_line     0x0000000000000000     0x2db7
 .debug_line    0x0000000000000000      0x607 bootpack.o
 .debug_line    0x0000000000000607       0x2a hankaku.o
 .debug_line    0x0000000000000631       0xec fifo.o
 .debug_line    0x000000000000071d      0x10a int.o
 .debug_line    0x0000000000000827       0x7a keyboard.o
 .debug_line    0x00000000000008a1       0xea mouse.o
 .debug_line    0x000000000000098b      0x24f memory.o
 .debug_line    0x0000000000000bda      0x1e6 mysprintf.o
 .debug_line    0x0000000000000dc0      0x3de graphic.o
 .debug_line    0x000000000000119e       0xf3 dsctbl.o
 .debug_line    0x0000000000001291      0x833 sheet.o
 .debug_line    0x0000000000001ac4      0x1fc timer.o
 .debug_line    0x0000000000001cc0      0x310 mtask.o
 .debug_line    0x0000000000001fd0      0x9d2 console.o
 .debug_line    0x00000000000029a2      0x1ce window.o
 .debug_line    0x0000000000002b70      0x247 file.o

.debug_str      0x0000000000000000     0x3012
 .debug_str     0x0000000000000000      0x5cc bootpack.o
 .debug_str     0x00000000000005cc       0xd8 hankaku.o
 .debug_str     0x00000000000006a4      0x259 fifo.o
 .debug_str     0x00000000000008fd      0x449 int.o
 .debug_str     0x0000000000000d46      0x272 keyboard.o
 .debug_str     0x0000000000000fb8      0x281 mouse.o
 .debug_str     0x0000000000001239      0x2c9 memory.o
 .debug_str     0x0000000000001502      0x146 mysprintf.o
 .debug_str     0x0000000000001648      0x2d7 graphic.o
 .debug_str     0x000000000000191f      0x2ed dsctbl.o
 .debug_str     0x0000000000001c0c      0x2f2 sheet.o
 .debug_str     0x0000000000001efe      0x28d timer.o
 .debug_str     0x000000000000218b      0x378 mtask.o
 .debug_str     0x0000000000002503      0x5eb console.o
 .debug_str     0x0000000000002aee      0x2a1 window.o
 .debug_str     0x0000000000002d8f      0x283 file.o

.comment        0x0000000000000000      0x2b0
 .comment       0x0000000000000000       0x2b bootpack.o
 .comment       0x000000000000002b       0x2b hankaku.o
 .comment       0x0000000000000056       0x2b fifo.o
 .comment       0x0000000000000081       0x2b int.o
 .comment       0x00000000000000ac       0x2b keyboard.o
 .comment       0x00000000000000d7       0x2b mouse.o
 .comment       0x0000000000000102       0x2b memory.o
 .comment       0x000000000000012d       0x2b mysprintf.o
 .comment       0x0000000000000158       0x2b graphic.o
 .comment       0x0000000000000183       0x2b dsctbl.o
 .comment       0x00000000000001ae       0x2b sheet.o
 .comment       0x00000000000001d9       0x2b timer.o
 .comment       0x0000000000000204       0x2b mtask.o
 .comment       0x000000000000022f       0x2b console.o
 .comment       0x000000000000025a       0x2b window.o
 .comment       0x0000000000000285       0x2b file.o

.note.GNU-stack
                0x0000000000000000        0x0
 .note.GNU-stack
                0x0000000000000000        0x0 bootpack.o
 .note.GNU-stack
                0x0000000000000000        0x0 hankaku.o
 .note.GNU-stack
                0x0000000000000000        0x0 fifo.o
 .note.GNU-stack
                0x0000000000000000        0x0 int.o
 .note.GNU-stack
                0x0000000000000000        0x0 keyboard.o
 .note.GNU-stack
                0x0000000000000000        0x0 mouse.o
 .note.GNU-stack
                0x0000000000000000        0x0 memory.o
 .note.GNU-stack
                0x0000000000000000        0x0 mysprintf.o
 .note.GNU-stack
                0x0000000000000000        0x0 graphic.o
 .note.GNU-stack
                0x0000000000000000        0x0 dsctbl.o
 .note.GNU-stack
                0x0000000000000000        0x0 sheet.o
 .note.GNU-stack
                0x0000000000000000        0x0 timer.o
 .note.GNU-stack
                0x0000000000000000        0x0 mtask.o
 .note.GNU-stack
                0x0000000000000000        0x0 console.o
 .note.GNU-stack
                0x0000000000000000        0x0 window.o
 .note.GNU-stack
                0x0000000000000000        0x0 file.o

.bss            0x0000000000311440     0x2744 load address 0x0000000000007380
 COMMON         0x0000000000311440        0x8 keyboard.o
                0x0000000000311440                keyfifo
                0x0000000000311444                keydata0
 COMMON         0x0000000000311448        0x8 mouse.o
                0x0000000000311448                mousedata0
                0x000000000031144c                mousefifo
 *fill*         0x0000000000311450       0x10 
 COMMON         0x0000000000311460     0x271c timer.o
                0x0000000000311460                timerctl
 COMMON         0x0000000000313b7c        0x8 mtask.o
                0x0000000000313b7c                taskctl
                0x0000000000313b80                task_timer
