
Discarded input sections

 .note.gnu.property
                0x0000000000000000       0x1c bug3.o
 .eh_frame      0x0000000000000000       0x34 bug3.o

Memory Configuration

Name             Origin             Length             Attributes
*default*        0x0000000000000000 0xffffffffffffffff

Linker script and memory map


.head           0x0000000000000000       0x24
                0x0000000000000000        0x4 LONG 0x10000
                0x0000000000000004        0x4 LONG 0x69726148
                0x0000000000000008        0x4 LONG 0x0
                0x000000000000000c        0x4 LONG 0x310000
                0x0000000000000010        0x4 LONG 0x0 SIZEOF (.data)
                0x0000000000000014        0x4 LONG 0x5c LOADADDR (.data)
                0x0000000000000018        0x4 LONG 0xe9000000
                0x000000000000001c        0x4 LONG 0x23 (HariMain - 0x20)
                0x0000000000000020        0x4 LONG 0x0

.text           0x0000000000000030       0x2c
 *(.text)
 .text          0x0000000000000030       0x13 a_nask.o
                0x0000000000000030                api_putchar
                0x000000000000003c                api_end
 .text          0x0000000000000043       0x19 bug3.o
                0x0000000000000043                HariMain

.data           0x0000000000310000        0x0 load address 0x000000000000005c
 *(.data)
 .data          0x0000000000310000        0x0 bug3.o
 *(.rodata*)
 *(.bss)
 .bss           0x0000000000310000        0x0 bug3.o

/DISCARD/
 *(.eh_frame)
 *(.note.gnu.property)
LOAD a_nask.o
LOAD bug3.o
OUTPUT(bug3.hrb binary)

.debug_info     0x0000000000000000       0x38
 .debug_info    0x0000000000000000       0x38 bug3.o

.debug_abbrev   0x0000000000000000       0x2e
 .debug_abbrev  0x0000000000000000       0x2e bug3.o

.debug_aranges  0x0000000000000000       0x20
 .debug_aranges
                0x0000000000000000       0x20 bug3.o

.debug_line     0x0000000000000000       0x3d
 .debug_line    0x0000000000000000       0x3d bug3.o

.debug_str      0x0000000000000000       0xc4
 .debug_str     0x0000000000000000       0xc4 bug3.o

.comment        0x0000000000000000       0x2b
 .comment       0x0000000000000000       0x2b bug3.o

.note.GNU-stack
                0x0000000000000000        0x0
 .note.GNU-stack
                0x0000000000000000        0x0 bug3.o
