
Allocating common symbols
Common symbol       size              file

mousedata0          0x4               mouse.o
keyfifo             0x4               keyboard.o
taskctl             0x4               mtask.o
timerctl            0x271c            timer.o
mousefifo           0x4               mouse.o
task_timer          0x4               mtask.o
keydata0            0x4               keyboard.o

Discarded input sections

 .note.gnu.property
                0x0000000000000000       0x1c bootpack.o
 .eh_frame      0x0000000000000000       0x74 bootpack.o
 .note.gnu.property
                0x0000000000000000       0x1c hankaku.o
 .note.gnu.property
                0x0000000000000000       0x1c fifo.o
 .eh_frame      0x0000000000000000       0x98 fifo.o
 .note.gnu.property
                0x0000000000000000       0x1c int.o
 .eh_frame      0x0000000000000000       0x38 int.o
 .note.gnu.property
                0x0000000000000000       0x1c keyboard.o
 .eh_frame      0x0000000000000000       0x78 keyboard.o
 .note.gnu.property
                0x0000000000000000       0x1c mouse.o
 .eh_frame      0x0000000000000000       0x78 mouse.o
 .note.gnu.property
                0x0000000000000000       0x1c memory.o
 .eh_frame      0x0000000000000000      0x104 memory.o
 .note.gnu.property
                0x0000000000000000       0x1c mysprintf.o
 .eh_frame      0x0000000000000000       0xdc mysprintf.o
 .note.gnu.property
                0x0000000000000000       0x1c graphic.o
 .eh_frame      0x0000000000000000      0x124 graphic.o
 .note.gnu.property
                0x0000000000000000       0x1c dsctbl.o
 .eh_frame      0x0000000000000000       0x78 dsctbl.o
 .note.gnu.property
                0x0000000000000000       0x1c sheet.o
 .eh_frame      0x0000000000000000      0x15c sheet.o
 .note.gnu.property
                0x0000000000000000       0x1c timer.o
 .eh_frame      0x0000000000000000      0x118 timer.o
 .note.gnu.property
                0x0000000000000000       0x1c mtask.o
 .eh_frame      0x0000000000000000      0x154 mtask.o
 .note.gnu.property
                0x0000000000000000       0x1c console.o
 .eh_frame      0x0000000000000000      0x208 console.o
 .note.gnu.property
                0x0000000000000000       0x1c window.o
 .eh_frame      0x0000000000000000       0xd0 window.o
 .note.gnu.property
                0x0000000000000000       0x1c file.o
 .eh_frame      0x0000000000000000       0x78 file.o

Memory Configuration

Name             Origin             Length             Attributes
*default*        0x0000000000000000 0xffffffffffffffff

Linker script and memory map


.head           0x0000000000000000       0x24
                0x0000000000000000        0x4 LONG 0x10000
                0x0000000000000004        0x4 LONG 0x69726148
                0x0000000000000008        0x4 LONG 0x0
                0x000000000000000c        0x4 LONG 0x310000
                0x0000000000000010        0x4 LONG 0x1445 SIZEOF (.data)
                0x0000000000000014        0x4 LONG 0x5b03 LOADADDR (.data)
                0x0000000000000018        0x4 LONG 0xe9000000
                0x000000000000001c        0x4 LONG 0x10 (HariMain - 0x20)
                0x0000000000000020        0x4 LONG 0x0

.text           0x0000000000000030     0x5ad3
 *(.text)
 .text          0x0000000000000030      0xf70 bootpack.o
                0x0000000000000030                HariMain
                0x0000000000000ed0                keywin_off
                0x0000000000000f4c                keywin_on
 .text          0x0000000000000fa0      0x1de nasmfunc.o
                0x0000000000000fa0                io_hlt
                0x0000000000000fa2                io_cli
                0x0000000000000fa4                io_sti
                0x0000000000000fa6                io_stihlt
                0x0000000000000fa9                io_in8
                0x0000000000000fb4                io_in16
                0x0000000000000fc0                io_in32
                0x0000000000000fc6                io_out8
                0x0000000000000fd0                io_out16
                0x0000000000000fdb                io_out32
                0x0000000000000fe5                io_load_eflags
                0x0000000000000fe8                io_store_eflags
                0x0000000000000fef                load_gdtr
                0x0000000000000fff                load_idtr
                0x000000000000100f                load_cr0
                0x0000000000001013                store_cr0
                0x000000000000101b                asm_inthandler20
                0x0000000000001068                asm_inthandler21
                0x000000000000107f                asm_inthandler2c
                0x0000000000001096                memtest_sub
                0x00000000000010d8                load_tr
                0x00000000000010de                farjmp
                0x00000000000010e3                farcall
                0x00000000000010e8                asm_hrb_api
                0x0000000000001105                start_app
                0x0000000000001133                asm_inthandler0c
                0x0000000000001153                asm_inthandler0d
                0x0000000000001173                asm_end_app
 .text          0x000000000000117e        0x0 hankaku.o
 .text          0x000000000000117e      0x188 fifo.o
                0x000000000000117e                fifo32_init
                0x00000000000011c9                fifo32_put
                0x000000000000127a                fifo32_get
                0x00000000000012ed                fifo32_status
 .text          0x0000000000001306       0xdf int.o
                0x0000000000001306                init_pic
 .text          0x00000000000013e5       0xb2 keyboard.o
                0x00000000000013e5                inthandler21
                0x000000000000142e                wait_KBC_sendready
                0x0000000000001452                init_keyboard
 .text          0x0000000000001497      0x1f0 mouse.o
                0x0000000000001497                inthandler2c
                0x00000000000014f2                enable_mouse
                0x0000000000001544                mouse_decode
 .text          0x0000000000001687      0x4cd memory.o
                0x0000000000001687                memtest
                0x0000000000001742                memman_init
                0x0000000000001773                memman_total
                0x00000000000017b0                memman_alloc
                0x000000000000189d                memman_free
                0x0000000000001af1                memman_alloc_4k
                0x0000000000001b21                memman_free_4k
 .text          0x0000000000001b54      0x2c2 mysprintf.o
                0x0000000000001b54                dec2asc
                0x0000000000001bec                hex2asc
                0x0000000000001c7e                sprintf
                0x0000000000001d24                strcmp
                0x0000000000001d89                strncmp
                0x0000000000001deb                rand
 .text          0x0000000000001e16      0x71f graphic.o
                0x0000000000001e16                init_palette
                0x0000000000001f68                set_palette
                0x0000000000002018                boxfill8
                0x000000000000206e                init_screen8
                0x000000000000228f                putfont8
                0x0000000000002395                putfonts8_asc
                0x00000000000023e8                init_mouse_cursor8
                0x00000000000024c2                putblock8_8
 .text          0x0000000000002535      0x25b dsctbl.o
                0x0000000000002535                init_gdtidt
                0x00000000000026c8                set_segmdesc
                0x0000000000002747                set_gatedesc
 .text          0x0000000000002790      0xa53 sheet.o
                0x0000000000002790                shtctl_init
                0x0000000000002877                sheet_alloc
                0x00000000000028fc                sheet_setbuf
                0x0000000000002929                sheet_refreshmap
                0x0000000000002ae1                sheet_refreshsub
                0x0000000000002cb1                sheet_updown
                0x000000000000302c                sheet_refresh
                0x00000000000030a1                sheet_slide
                0x00000000000031b8                sheet_free
 .text          0x00000000000031e3      0x3e9 timer.o
                0x00000000000031e3                init_pit
                0x0000000000003289                timer_alloc
                0x000000000000330a                timer_free
                0x000000000000331b                timer_init
                0x0000000000003337                timer_settime
                0x00000000000033e7                inthandler20
                0x0000000000003498                timer_cancel
                0x0000000000003539                timer_cancelall
 .text          0x00000000000035cc      0x662 mtask.o
                0x00000000000035cc                task_now
                0x0000000000003600                task_add
                0x000000000000364d                task_remove
                0x000000000000370e                task_switchsub
                0x000000000000375e                task_idle
                0x000000000000376f                task_init
                0x0000000000003978                task_alloc
                0x0000000000003a96                task_run
                0x0000000000003b07                task_sleep
                0x0000000000003b5b                task_switch
 .text          0x0000000000003c2e     0x15ff console.o
                0x0000000000003c2e                console_task
                0x0000000000003ff3                cons_putchar
                0x00000000000040ff                cons_newline
                0x000000000000420b                cons_putstr0
                0x0000000000004242                cons_putstr1
                0x0000000000004283                cons_runcmd
                0x0000000000004373                cmd_mem
                0x00000000000043d0                cmd_cls
                0x0000000000004452                cmd_dir
                0x000000000000458a                cmd_type
                0x0000000000004659                cmd_app
                0x00000000000049ca                hrb_api
                0x0000000000005028                inthandler0c
                0x0000000000005090                inthandler0d
                0x00000000000050f8                hrb_api_linewin
 .text          0x000000000000522d      0x60d window.o
                0x000000000000522d                make_window8
                0x00000000000053a3                make_wtitle8
                0x000000000000549f                putfonts8_asc_sht
                0x0000000000005542                make_textbox8
                0x0000000000005745                change_wtitle8
 .text          0x000000000000583a      0x2c9 file.o
                0x000000000000583a                file_readfat
                0x00000000000058ee                file_loadfile
                0x000000000000599a                file_search

.data           0x0000000000310000     0x1445 load address 0x0000000000005b03
 *(.data)
 .data          0x0000000000310000      0x100 bootpack.o
 .data          0x0000000000310100        0x0 nasmfunc.o
 .data          0x0000000000310100     0x1000 hankaku.o
                0x0000000000310100                hankaku
 .data          0x0000000000311100        0x0 fifo.o
 .data          0x0000000000311100        0x0 int.o
 .data          0x0000000000311100        0x0 keyboard.o
 .data          0x0000000000311100        0x0 mouse.o
 .data          0x0000000000311100        0x0 memory.o
 .data          0x0000000000311100        0x4 mysprintf.o
 *fill*         0x0000000000311104       0x1c 
 .data          0x0000000000311120      0x140 graphic.o
 .data          0x0000000000311260        0x0 dsctbl.o
 .data          0x0000000000311260        0x0 sheet.o
 .data          0x0000000000311260        0x0 timer.o
 .data          0x0000000000311260        0x0 mtask.o
 .data          0x0000000000311260        0x0 console.o
 .data          0x0000000000311260       0xe0 window.o
 .data          0x0000000000311340        0x0 file.o
 *(.rodata*)
 .rodata        0x0000000000311340       0x31 bootpack.o
 *fill*         0x0000000000311371        0x3 
 .rodata        0x0000000000311374       0xd1 console.o
 *(.bss)
 .bss           0x0000000000311445        0x0 bootpack.o
 .bss           0x0000000000311445        0x0 hankaku.o
 .bss           0x0000000000311445        0x0 fifo.o
 .bss           0x0000000000311445        0x0 int.o
 .bss           0x0000000000311445        0x0 keyboard.o
 .bss           0x0000000000311445        0x0 mouse.o
 .bss           0x0000000000311445        0x0 memory.o
 .bss           0x0000000000311445        0x0 mysprintf.o
 .bss           0x0000000000311445        0x0 graphic.o
 .bss           0x0000000000311445        0x0 dsctbl.o
 .bss           0x0000000000311445        0x0 sheet.o
 .bss           0x0000000000311445        0x0 timer.o
 .bss           0x0000000000311445        0x0 mtask.o
 .bss           0x0000000000311445        0x0 console.o
 .bss           0x0000000000311445        0x0 window.o
 .bss           0x0000000000311445        0x0 file.o

/DISCARD/
 *(.eh_frame)
 *(.note.gnu.property)
LOAD bootpack.o
LOAD nasmfunc.o
LOAD hankaku.o
LOAD fifo.o
LOAD int.o
LOAD keyboard.o
LOAD mouse.o
LOAD memory.o
LOAD mysprintf.o
LOAD graphic.o
LOAD dsctbl.o
LOAD sheet.o
LOAD timer.o
LOAD mtask.o
LOAD console.o
LOAD window.o
LOAD file.o
OUTPUT(bootpack.hrb binary)

.debug_info     0x0000000000000000     0x787a
 .debug_info    0x0000000000000000      0xc6b bootpack.o
 .debug_info    0x0000000000000c6b       0x4f hankaku.o
 .debug_info    0x0000000000000cba      0x5d1 fifo.o
 .debug_info    0x000000000000128b      0x79d int.o
 .debug_info    0x0000000000001a28      0x582 keyboard.o
 .debug_info    0x0000000000001faa      0x619 mouse.o
 .debug_info    0x00000000000025c3      0x79e memory.o
 .debug_info    0x0000000000002d61      0x25f mysprintf.o
 .debug_info    0x0000000000002fc0      0x8d4 graphic.o
 .debug_info    0x0000000000003894      0x67d dsctbl.o
 .debug_info    0x0000000000003f11      0xa6c sheet.o
 .debug_info    0x000000000000497d      0x6e3 timer.o
 .debug_info    0x0000000000005060      0x8d7 mtask.o
 .debug_info    0x0000000000005937     0x10a3 console.o
 .debug_info    0x00000000000069da      0x7ba window.o
 .debug_info    0x0000000000007194      0x6e6 file.o

.debug_abbrev   0x0000000000000000     0x1506
 .debug_abbrev  0x0000000000000000      0x162 bootpack.o
 .debug_abbrev  0x0000000000000162       0x40 hankaku.o
 .debug_abbrev  0x00000000000001a2      0x13f fifo.o
 .debug_abbrev  0x00000000000002e1      0x108 int.o
 .debug_abbrev  0x00000000000003e9      0x14c keyboard.o
 .debug_abbrev  0x0000000000000535      0x150 mouse.o
 .debug_abbrev  0x0000000000000685      0x16e memory.o
 .debug_abbrev  0x00000000000007f3      0x11f mysprintf.o
 .debug_abbrev  0x0000000000000912      0x139 graphic.o
 .debug_abbrev  0x0000000000000a4b      0x11f dsctbl.o
 .debug_abbrev  0x0000000000000b6a      0x17d sheet.o
 .debug_abbrev  0x0000000000000ce7      0x197 timer.o
 .debug_abbrev  0x0000000000000e7e      0x1c6 mtask.o
 .debug_abbrev  0x0000000000001044      0x213 console.o
 .debug_abbrev  0x0000000000001257      0x130 window.o
 .debug_abbrev  0x0000000000001387      0x17f file.o

.debug_aranges  0x0000000000000000      0x1f8
 .debug_aranges
                0x0000000000000000       0x20 bootpack.o
 .debug_aranges
                0x0000000000000020       0x18 hankaku.o
 .debug_aranges
                0x0000000000000038       0x20 fifo.o
 .debug_aranges
                0x0000000000000058       0x20 int.o
 .debug_aranges
                0x0000000000000078       0x20 keyboard.o
 .debug_aranges
                0x0000000000000098       0x20 mouse.o
 .debug_aranges
                0x00000000000000b8       0x20 memory.o
 .debug_aranges
                0x00000000000000d8       0x20 mysprintf.o
 .debug_aranges
                0x00000000000000f8       0x20 graphic.o
 .debug_aranges
                0x0000000000000118       0x20 dsctbl.o
 .debug_aranges
                0x0000000000000138       0x20 sheet.o
 .debug_aranges
                0x0000000000000158       0x20 timer.o
 .debug_aranges
                0x0000000000000178       0x20 mtask.o
 .debug_aranges
                0x0000000000000198       0x20 console.o
 .debug_aranges
                0x00000000000001b8       0x20 window.o
 .debug_aranges
                0x00000000000001d8       0x20 file.o

.debug_line     0x0000000000000000     0x2b33
 .debug_line    0x0000000000000000      0x6bd bootpack.o
 .debug_line    0x00000000000006bd       0x2a hankaku.o
 .debug_line    0x00000000000006e7       0xec fifo.o
 .debug_line    0x00000000000007d3      0x10a int.o
 .debug_line    0x00000000000008dd       0x7a keyboard.o
 .debug_line    0x0000000000000957       0xe8 mouse.o
 .debug_line    0x0000000000000a3f      0x24f memory.o
 .debug_line    0x0000000000000c8e      0x1e6 mysprintf.o
 .debug_line    0x0000000000000e74      0x3de graphic.o
 .debug_line    0x0000000000001252       0xf3 dsctbl.o
 .debug_line    0x0000000000001345      0x540 sheet.o
 .debug_line    0x0000000000001885      0x1fc timer.o
 .debug_line    0x0000000000001a81      0x310 mtask.o
 .debug_line    0x0000000000001d91      0x98d console.o
 .debug_line    0x000000000000271e      0x1ce window.o
 .debug_line    0x00000000000028ec      0x247 file.o

.debug_str      0x0000000000000000     0x2f5b
 .debug_str     0x0000000000000000      0x5aa bootpack.o
 .debug_str     0x00000000000005aa       0xd8 hankaku.o
 .debug_str     0x0000000000000682      0x24e fifo.o
 .debug_str     0x00000000000008d0      0x43e int.o
 .debug_str     0x0000000000000d0e      0x267 keyboard.o
 .debug_str     0x0000000000000f75      0x276 mouse.o
 .debug_str     0x00000000000011eb      0x2be memory.o
 .debug_str     0x00000000000014a9      0x146 mysprintf.o
 .debug_str     0x00000000000015ef      0x2cc graphic.o
 .debug_str     0x00000000000018bb      0x2e2 dsctbl.o
 .debug_str     0x0000000000001b9d      0x2e2 sheet.o
 .debug_str     0x0000000000001e7f      0x282 timer.o
 .debug_str     0x0000000000002101      0x36d mtask.o
 .debug_str     0x000000000000246e      0x5df console.o
 .debug_str     0x0000000000002a4d      0x296 window.o
 .debug_str     0x0000000000002ce3      0x278 file.o

.comment        0x0000000000000000      0x2b0
 .comment       0x0000000000000000       0x2b bootpack.o
 .comment       0x000000000000002b       0x2b hankaku.o
 .comment       0x0000000000000056       0x2b fifo.o
 .comment       0x0000000000000081       0x2b int.o
 .comment       0x00000000000000ac       0x2b keyboard.o
 .comment       0x00000000000000d7       0x2b mouse.o
 .comment       0x0000000000000102       0x2b memory.o
 .comment       0x000000000000012d       0x2b mysprintf.o
 .comment       0x0000000000000158       0x2b graphic.o
 .comment       0x0000000000000183       0x2b dsctbl.o
 .comment       0x00000000000001ae       0x2b sheet.o
 .comment       0x00000000000001d9       0x2b timer.o
 .comment       0x0000000000000204       0x2b mtask.o
 .comment       0x000000000000022f       0x2b console.o
 .comment       0x000000000000025a       0x2b window.o
 .comment       0x0000000000000285       0x2b file.o

.note.GNU-stack
                0x0000000000000000        0x0
 .note.GNU-stack
                0x0000000000000000        0x0 bootpack.o
 .note.GNU-stack
                0x0000000000000000        0x0 hankaku.o
 .note.GNU-stack
                0x0000000000000000        0x0 fifo.o
 .note.GNU-stack
                0x0000000000000000        0x0 int.o
 .note.GNU-stack
                0x0000000000000000        0x0 keyboard.o
 .note.GNU-stack
                0x0000000000000000        0x0 mouse.o
 .note.GNU-stack
                0x0000000000000000        0x0 memory.o
 .note.GNU-stack
                0x0000000000000000        0x0 mysprintf.o
 .note.GNU-stack
                0x0000000000000000        0x0 graphic.o
 .note.GNU-stack
                0x0000000000000000        0x0 dsctbl.o
 .note.GNU-stack
                0x0000000000000000        0x0 sheet.o
 .note.GNU-stack
                0x0000000000000000        0x0 timer.o
 .note.GNU-stack
                0x0000000000000000        0x0 mtask.o
 .note.GNU-stack
                0x0000000000000000        0x0 console.o
 .note.GNU-stack
                0x0000000000000000        0x0 window.o
 .note.GNU-stack
                0x0000000000000000        0x0 file.o

.bss            0x0000000000311460     0x2744 load address 0x0000000000006f80
 COMMON         0x0000000000311460        0x8 keyboard.o
                0x0000000000311460                keyfifo
                0x0000000000311464                keydata0
 COMMON         0x0000000000311468        0x8 mouse.o
                0x0000000000311468                mousedata0
                0x000000000031146c                mousefifo
 *fill*         0x0000000000311470       0x10 
 COMMON         0x0000000000311480     0x271c timer.o
                0x0000000000311480                timerctl
 COMMON         0x0000000000313b9c        0x8 mtask.o
                0x0000000000313b9c                taskctl
                0x0000000000313ba0                task_timer
