
Discarded input sections

 .note.gnu.property
                0x0000000000000000       0x1c color2.o
 .eh_frame      0x0000000000000000       0x5c color2.o

Memory Configuration

Name             Origin             Length             Attributes
*default*        0x0000000000000000 0xffffffffffffffff

Linker script and memory map


.head           0x0000000000000000       0x24
                0x0000000000000000        0x4 LONG 0x10000
                0x0000000000000004        0x4 LONG 0x69726148
                0x0000000000000008        0x4 LONG 0x0
                0x000000000000000c        0x4 LONG 0x310000
                0x0000000000000010        0x4 LONG 0x17 SIZEOF (.data)
                0x0000000000000014        0x4 LONG 0x36c LOADADDR (.data)
                0x0000000000000018        0x4 LONG 0xe9000000
                0x000000000000001c        0x4 LONG 0x174 (HariMain - 0x20)
                0x0000000000000020        0x4 LONG 0x0

.text           0x0000000000000030      0x33c
 *(.text)
 .text          0x0000000000000030      0x164 a_nask.o
                0x0000000000000030                api_putchar
                0x000000000000003c                api_putstr0
                0x000000000000004a                api_end
                0x0000000000000051                api_openwin
                0x0000000000000073                api_putstrwin
                0x000000000000009b                api_boxfilwin
                0x00000000000000c3                api_initmalloc
                0x00000000000000e4                api_malloc
                0x00000000000000f9                api_free
                0x0000000000000112                api_point
                0x0000000000000130                api_refreshwin
                0x0000000000000152                api_linewin
                0x000000000000017a                api_closewin
                0x0000000000000188                api_getkey
 .text          0x0000000000000194      0x1d8 color2.o
                0x0000000000000194                HariMain
                0x0000000000000278                rgb2pal

.data           0x0000000000310000       0x17 load address 0x000000000000036c
 *(.data)
 .data          0x0000000000310000       0x10 color2.o
 *(.rodata*)
 .rodata        0x0000000000310010        0x7 color2.o
 *(.bss)
 .bss           0x0000000000310017        0x0 color2.o

/DISCARD/
 *(.eh_frame)
 *(.note.gnu.property)
LOAD a_nask.o
LOAD color2.o
OUTPUT(color2.hrb binary)

.debug_info     0x0000000000000000      0x122
 .debug_info    0x0000000000000000      0x122 color2.o

.debug_abbrev   0x0000000000000000       0xb2
 .debug_abbrev  0x0000000000000000       0xb2 color2.o

.debug_aranges  0x0000000000000000       0x20
 .debug_aranges
                0x0000000000000000       0x20 color2.o

.debug_line     0x0000000000000000       0xed
 .debug_line    0x0000000000000000       0xed color2.o

.debug_str      0x0000000000000000       0xf4
 .debug_str     0x0000000000000000       0xf4 color2.o

.comment        0x0000000000000000       0x2b
 .comment       0x0000000000000000       0x2b color2.o

.note.GNU-stack
                0x0000000000000000        0x0
 .note.GNU-stack
                0x0000000000000000        0x0 color2.o
