
Allocating common symbols
Common symbol       size              file

mousedata0          0x4               mouse.o
keyfifo             0x4               keyboard.o
taskctl             0x4               mtask.o
timerctl            0x271c            timer.o
mousefifo           0x4               mouse.o
task_timer          0x4               mtask.o
keydata0            0x4               keyboard.o

Discarded input sections

 .note.gnu.property
                0x0000000000000000       0x1c bootpack.o
 .eh_frame      0x0000000000000000       0x74 bootpack.o
 .note.gnu.property
                0x0000000000000000       0x1c hankaku.o
 .note.gnu.property
                0x0000000000000000       0x1c fifo.o
 .eh_frame      0x0000000000000000       0x98 fifo.o
 .note.gnu.property
                0x0000000000000000       0x1c int.o
 .eh_frame      0x0000000000000000       0x38 int.o
 .note.gnu.property
                0x0000000000000000       0x1c keyboard.o
 .eh_frame      0x0000000000000000       0x78 keyboard.o
 .note.gnu.property
                0x0000000000000000       0x1c mouse.o
 .eh_frame      0x0000000000000000       0x78 mouse.o
 .note.gnu.property
                0x0000000000000000       0x1c memory.o
 .eh_frame      0x0000000000000000      0x104 memory.o
 .note.gnu.property
                0x0000000000000000       0x1c mysprintf.o
 .eh_frame      0x0000000000000000       0xdc mysprintf.o
 .note.gnu.property
                0x0000000000000000       0x1c graphic.o
 .eh_frame      0x0000000000000000      0x124 graphic.o
 .note.gnu.property
                0x0000000000000000       0x1c dsctbl.o
 .eh_frame      0x0000000000000000       0x78 dsctbl.o
 .note.gnu.property
                0x0000000000000000       0x1c sheet.o
 .eh_frame      0x0000000000000000      0x15c sheet.o
 .note.gnu.property
                0x0000000000000000       0x1c timer.o
 .eh_frame      0x0000000000000000      0x118 timer.o
 .note.gnu.property
                0x0000000000000000       0x1c mtask.o
 .eh_frame      0x0000000000000000      0x154 mtask.o
 .note.gnu.property
                0x0000000000000000       0x1c console.o
 .eh_frame      0x0000000000000000      0x208 console.o
 .note.gnu.property
                0x0000000000000000       0x1c window.o
 .eh_frame      0x0000000000000000       0xd0 window.o
 .note.gnu.property
                0x0000000000000000       0x1c file.o
 .eh_frame      0x0000000000000000       0x78 file.o

Memory Configuration

Name             Origin             Length             Attributes
*default*        0x0000000000000000 0xffffffffffffffff

Linker script and memory map


.head           0x0000000000000000       0x24
                0x0000000000000000        0x4 LONG 0x10000
                0x0000000000000004        0x4 LONG 0x69726148
                0x0000000000000008        0x4 LONG 0x0
                0x000000000000000c        0x4 LONG 0x310000
                0x0000000000000010        0x4 LONG 0x1439 SIZEOF (.data)
                0x0000000000000014        0x4 LONG 0x5d56 LOADADDR (.data)
                0x0000000000000018        0x4 LONG 0xe9000000
                0x000000000000001c        0x4 LONG 0x10 (HariMain - 0x20)
                0x0000000000000020        0x4 LONG 0x0

.text           0x0000000000000030     0x5d26
 *(.text)
 .text          0x0000000000000030      0xd54 bootpack.o
                0x0000000000000030                HariMain
                0x0000000000000d00                keywin_off
                0x0000000000000d42                keywin_on
 *fill*         0x0000000000000d84        0xc 
 .text          0x0000000000000d90      0x1de nasmfunc.o
                0x0000000000000d90                io_hlt
                0x0000000000000d92                io_cli
                0x0000000000000d94                io_sti
                0x0000000000000d96                io_stihlt
                0x0000000000000d99                io_in8
                0x0000000000000da4                io_in16
                0x0000000000000db0                io_in32
                0x0000000000000db6                io_out8
                0x0000000000000dc0                io_out16
                0x0000000000000dcb                io_out32
                0x0000000000000dd5                io_load_eflags
                0x0000000000000dd8                io_store_eflags
                0x0000000000000ddf                load_gdtr
                0x0000000000000def                load_idtr
                0x0000000000000dff                load_cr0
                0x0000000000000e03                store_cr0
                0x0000000000000e0b                asm_inthandler20
                0x0000000000000e58                asm_inthandler21
                0x0000000000000e6f                asm_inthandler2c
                0x0000000000000e86                memtest_sub
                0x0000000000000ec8                load_tr
                0x0000000000000ece                farjmp
                0x0000000000000ed3                farcall
                0x0000000000000ed8                asm_hrb_api
                0x0000000000000ef5                start_app
                0x0000000000000f23                asm_inthandler0c
                0x0000000000000f43                asm_inthandler0d
                0x0000000000000f63                asm_end_app
 .text          0x0000000000000f6e        0x0 hankaku.o
 .text          0x0000000000000f6e      0x188 fifo.o
                0x0000000000000f6e                fifo32_init
                0x0000000000000fb9                fifo32_put
                0x000000000000106a                fifo32_get
                0x00000000000010dd                fifo32_status
 .text          0x00000000000010f6       0xdf int.o
                0x00000000000010f6                init_pic
 .text          0x00000000000011d5       0xb2 keyboard.o
                0x00000000000011d5                inthandler21
                0x000000000000121e                wait_KBC_sendready
                0x0000000000001242                init_keyboard
 .text          0x0000000000001287      0x1f0 mouse.o
                0x0000000000001287                inthandler2c
                0x00000000000012e2                enable_mouse
                0x0000000000001334                mouse_decode
 .text          0x0000000000001477      0x4cd memory.o
                0x0000000000001477                memtest
                0x0000000000001532                memman_init
                0x0000000000001563                memman_total
                0x00000000000015a0                memman_alloc
                0x000000000000168d                memman_free
                0x00000000000018e1                memman_alloc_4k
                0x0000000000001911                memman_free_4k
 .text          0x0000000000001944      0x2c2 mysprintf.o
                0x0000000000001944                dec2asc
                0x00000000000019dc                hex2asc
                0x0000000000001a6e                sprintf
                0x0000000000001b14                strcmp
                0x0000000000001b79                strncmp
                0x0000000000001bdb                rand
 .text          0x0000000000001c06      0x71f graphic.o
                0x0000000000001c06                init_palette
                0x0000000000001d58                set_palette
                0x0000000000001e08                boxfill8
                0x0000000000001e5e                init_screen8
                0x000000000000207f                putfont8
                0x0000000000002185                putfonts8_asc
                0x00000000000021d8                init_mouse_cursor8
                0x00000000000022b2                putblock8_8
 .text          0x0000000000002325      0x25b dsctbl.o
                0x0000000000002325                init_gdtidt
                0x00000000000024b8                set_segmdesc
                0x0000000000002537                set_gatedesc
 .text          0x0000000000002580      0xf67 sheet.o
                0x0000000000002580                shtctl_init
                0x0000000000002667                sheet_alloc
                0x00000000000026ec                sheet_setbuf
                0x0000000000002719                sheet_refreshmap
                0x0000000000002a23                sheet_refreshsub
                0x0000000000002fb5                sheet_updown
                0x0000000000003330                sheet_refresh
                0x00000000000033a5                sheet_slide
                0x00000000000034bc                sheet_free
 .text          0x00000000000034e7      0x3e9 timer.o
                0x00000000000034e7                init_pit
                0x000000000000358d                timer_alloc
                0x000000000000360e                timer_free
                0x000000000000361f                timer_init
                0x000000000000363b                timer_settime
                0x00000000000036eb                inthandler20
                0x000000000000379c                timer_cancel
                0x000000000000383d                timer_cancelall
 .text          0x00000000000038d0      0x662 mtask.o
                0x00000000000038d0                task_now
                0x0000000000003904                task_add
                0x0000000000003951                task_remove
                0x0000000000003a12                task_switchsub
                0x0000000000003a62                task_idle
                0x0000000000003a73                task_init
                0x0000000000003c7c                task_alloc
                0x0000000000003d9a                task_run
                0x0000000000003e0b                task_sleep
                0x0000000000003e5f                task_switch
 .text          0x0000000000003f32     0x154e console.o
                0x0000000000003f32                console_task
                0x0000000000004243                cons_putchar
                0x000000000000434f                cons_newline
                0x000000000000445b                cons_putstr0
                0x0000000000004492                cons_putstr1
                0x00000000000044d3                cons_runcmd
                0x00000000000045c3                cmd_mem
                0x0000000000004620                cmd_cls
                0x00000000000046a2                cmd_dir
                0x00000000000047da                cmd_type
                0x00000000000048a9                cmd_app
                0x0000000000004c1a                hrb_api
                0x000000000000527b                inthandler0c
                0x00000000000052e3                inthandler0d
                0x000000000000534b                hrb_api_linewin
 .text          0x0000000000005480      0x60d window.o
                0x0000000000005480                make_window8
                0x00000000000055f6                make_wtitle8
                0x00000000000056f2                putfonts8_asc_sht
                0x0000000000005795                make_textbox8
                0x0000000000005998                change_wtitle8
 .text          0x0000000000005a8d      0x2c9 file.o
                0x0000000000005a8d                file_readfat
                0x0000000000005b41                file_loadfile
                0x0000000000005bed                file_search

.data           0x0000000000310000     0x1439 load address 0x0000000000005d56
 *(.data)
 .data          0x0000000000310000      0x100 bootpack.o
 .data          0x0000000000310100        0x0 nasmfunc.o
 .data          0x0000000000310100     0x1000 hankaku.o
                0x0000000000310100                hankaku
 .data          0x0000000000311100        0x0 fifo.o
 .data          0x0000000000311100        0x0 int.o
 .data          0x0000000000311100        0x0 keyboard.o
 .data          0x0000000000311100        0x0 mouse.o
 .data          0x0000000000311100        0x0 memory.o
 .data          0x0000000000311100        0x4 mysprintf.o
 *fill*         0x0000000000311104       0x1c 
 .data          0x0000000000311120      0x140 graphic.o
 .data          0x0000000000311260        0x0 dsctbl.o
 .data          0x0000000000311260        0x0 sheet.o
 .data          0x0000000000311260        0x0 timer.o
 .data          0x0000000000311260        0x0 mtask.o
 .data          0x0000000000311260        0x0 console.o
 .data          0x0000000000311260       0xe0 window.o
 .data          0x0000000000311340        0x0 file.o
 *(.rodata*)
 .rodata        0x0000000000311340       0x28 bootpack.o
 .rodata        0x0000000000311368       0xd1 console.o
 *(.bss)
 .bss           0x0000000000311439        0x0 bootpack.o
 .bss           0x0000000000311439        0x0 hankaku.o
 .bss           0x0000000000311439        0x0 fifo.o
 .bss           0x0000000000311439        0x0 int.o
 .bss           0x0000000000311439        0x0 keyboard.o
 .bss           0x0000000000311439        0x0 mouse.o
 .bss           0x0000000000311439        0x0 memory.o
 .bss           0x0000000000311439        0x0 mysprintf.o
 .bss           0x0000000000311439        0x0 graphic.o
 .bss           0x0000000000311439        0x0 dsctbl.o
 .bss           0x0000000000311439        0x0 sheet.o
 .bss           0x0000000000311439        0x0 timer.o
 .bss           0x0000000000311439        0x0 mtask.o
 .bss           0x0000000000311439        0x0 console.o
 .bss           0x0000000000311439        0x0 window.o
 .bss           0x0000000000311439        0x0 file.o

/DISCARD/
 *(.eh_frame)
 *(.note.gnu.property)
LOAD bootpack.o
LOAD nasmfunc.o
LOAD hankaku.o
LOAD fifo.o
LOAD int.o
LOAD keyboard.o
LOAD mouse.o
LOAD memory.o
LOAD mysprintf.o
LOAD graphic.o
LOAD dsctbl.o
LOAD sheet.o
LOAD timer.o
LOAD mtask.o
LOAD console.o
LOAD window.o
LOAD file.o
OUTPUT(bootpack.hrb binary)

.debug_info     0x0000000000000000     0x78b8
 .debug_info    0x0000000000000000      0xc33 bootpack.o
 .debug_info    0x0000000000000c33       0x4f hankaku.o
 .debug_info    0x0000000000000c82      0x5d1 fifo.o
 .debug_info    0x0000000000001253      0x79d int.o
 .debug_info    0x00000000000019f0      0x582 keyboard.o
 .debug_info    0x0000000000001f72      0x619 mouse.o
 .debug_info    0x000000000000258b      0x79e memory.o
 .debug_info    0x0000000000002d29      0x25f mysprintf.o
 .debug_info    0x0000000000002f88      0x8d4 graphic.o
 .debug_info    0x000000000000385c      0x67d dsctbl.o
 .debug_info    0x0000000000003ed9      0xaff sheet.o
 .debug_info    0x00000000000049d8      0x6e3 timer.o
 .debug_info    0x00000000000050bb      0x8d7 mtask.o
 .debug_info    0x0000000000005992     0x1086 console.o
 .debug_info    0x0000000000006a18      0x7ba window.o
 .debug_info    0x00000000000071d2      0x6e6 file.o

.debug_abbrev   0x0000000000000000     0x1566
 .debug_abbrev  0x0000000000000000      0x160 bootpack.o
 .debug_abbrev  0x0000000000000160       0x40 hankaku.o
 .debug_abbrev  0x00000000000001a0      0x13f fifo.o
 .debug_abbrev  0x00000000000002df      0x108 int.o
 .debug_abbrev  0x00000000000003e7      0x14c keyboard.o
 .debug_abbrev  0x0000000000000533      0x150 mouse.o
 .debug_abbrev  0x0000000000000683      0x16e memory.o
 .debug_abbrev  0x00000000000007f1      0x11f mysprintf.o
 .debug_abbrev  0x0000000000000910      0x139 graphic.o
 .debug_abbrev  0x0000000000000a49      0x11f dsctbl.o
 .debug_abbrev  0x0000000000000b68      0x1cc sheet.o
 .debug_abbrev  0x0000000000000d34      0x197 timer.o
 .debug_abbrev  0x0000000000000ecb      0x1c6 mtask.o
 .debug_abbrev  0x0000000000001091      0x226 console.o
 .debug_abbrev  0x00000000000012b7      0x130 window.o
 .debug_abbrev  0x00000000000013e7      0x17f file.o

.debug_aranges  0x0000000000000000      0x1f8
 .debug_aranges
                0x0000000000000000       0x20 bootpack.o
 .debug_aranges
                0x0000000000000020       0x18 hankaku.o
 .debug_aranges
                0x0000000000000038       0x20 fifo.o
 .debug_aranges
                0x0000000000000058       0x20 int.o
 .debug_aranges
                0x0000000000000078       0x20 keyboard.o
 .debug_aranges
                0x0000000000000098       0x20 mouse.o
 .debug_aranges
                0x00000000000000b8       0x20 memory.o
 .debug_aranges
                0x00000000000000d8       0x20 mysprintf.o
 .debug_aranges
                0x00000000000000f8       0x20 graphic.o
 .debug_aranges
                0x0000000000000118       0x20 dsctbl.o
 .debug_aranges
                0x0000000000000138       0x20 sheet.o
 .debug_aranges
                0x0000000000000158       0x20 timer.o
 .debug_aranges
                0x0000000000000178       0x20 mtask.o
 .debug_aranges
                0x0000000000000198       0x20 console.o
 .debug_aranges
                0x00000000000001b8       0x20 window.o
 .debug_aranges
                0x00000000000001d8       0x20 file.o

.debug_line     0x0000000000000000     0x2dd7
 .debug_line    0x0000000000000000      0x66f bootpack.o
 .debug_line    0x000000000000066f       0x2a hankaku.o
 .debug_line    0x0000000000000699       0xec fifo.o
 .debug_line    0x0000000000000785      0x10a int.o
 .debug_line    0x000000000000088f       0x7a keyboard.o
 .debug_line    0x0000000000000909       0xea mouse.o
 .debug_line    0x00000000000009f3      0x24f memory.o
 .debug_line    0x0000000000000c42      0x1e6 mysprintf.o
 .debug_line    0x0000000000000e28      0x3de graphic.o
 .debug_line    0x0000000000001206       0xf3 dsctbl.o
 .debug_line    0x00000000000012f9      0x833 sheet.o
 .debug_line    0x0000000000001b2c      0x1fc timer.o
 .debug_line    0x0000000000001d28      0x310 mtask.o
 .debug_line    0x0000000000002038      0x98a console.o
 .debug_line    0x00000000000029c2      0x1ce window.o
 .debug_line    0x0000000000002b90      0x247 file.o

.debug_str      0x0000000000000000     0x2f61
 .debug_str     0x0000000000000000      0x5b3 bootpack.o
 .debug_str     0x00000000000005b3       0xd8 hankaku.o
 .debug_str     0x000000000000068b      0x24e fifo.o
 .debug_str     0x00000000000008d9      0x43e int.o
 .debug_str     0x0000000000000d17      0x267 keyboard.o
 .debug_str     0x0000000000000f7e      0x276 mouse.o
 .debug_str     0x00000000000011f4      0x2be memory.o
 .debug_str     0x00000000000014b2      0x146 mysprintf.o
 .debug_str     0x00000000000015f8      0x2cc graphic.o
 .debug_str     0x00000000000018c4      0x2e2 dsctbl.o
 .debug_str     0x0000000000001ba6      0x2e7 sheet.o
 .debug_str     0x0000000000001e8d      0x282 timer.o
 .debug_str     0x000000000000210f      0x36d mtask.o
 .debug_str     0x000000000000247c      0x5d7 console.o
 .debug_str     0x0000000000002a53      0x296 window.o
 .debug_str     0x0000000000002ce9      0x278 file.o

.comment        0x0000000000000000      0x2b0
 .comment       0x0000000000000000       0x2b bootpack.o
 .comment       0x000000000000002b       0x2b hankaku.o
 .comment       0x0000000000000056       0x2b fifo.o
 .comment       0x0000000000000081       0x2b int.o
 .comment       0x00000000000000ac       0x2b keyboard.o
 .comment       0x00000000000000d7       0x2b mouse.o
 .comment       0x0000000000000102       0x2b memory.o
 .comment       0x000000000000012d       0x2b mysprintf.o
 .comment       0x0000000000000158       0x2b graphic.o
 .comment       0x0000000000000183       0x2b dsctbl.o
 .comment       0x00000000000001ae       0x2b sheet.o
 .comment       0x00000000000001d9       0x2b timer.o
 .comment       0x0000000000000204       0x2b mtask.o
 .comment       0x000000000000022f       0x2b console.o
 .comment       0x000000000000025a       0x2b window.o
 .comment       0x0000000000000285       0x2b file.o

.note.GNU-stack
                0x0000000000000000        0x0
 .note.GNU-stack
                0x0000000000000000        0x0 bootpack.o
 .note.GNU-stack
                0x0000000000000000        0x0 hankaku.o
 .note.GNU-stack
                0x0000000000000000        0x0 fifo.o
 .note.GNU-stack
                0x0000000000000000        0x0 int.o
 .note.GNU-stack
                0x0000000000000000        0x0 keyboard.o
 .note.GNU-stack
                0x0000000000000000        0x0 mouse.o
 .note.GNU-stack
                0x0000000000000000        0x0 memory.o
 .note.GNU-stack
                0x0000000000000000        0x0 mysprintf.o
 .note.GNU-stack
                0x0000000000000000        0x0 graphic.o
 .note.GNU-stack
                0x0000000000000000        0x0 dsctbl.o
 .note.GNU-stack
                0x0000000000000000        0x0 sheet.o
 .note.GNU-stack
                0x0000000000000000        0x0 timer.o
 .note.GNU-stack
                0x0000000000000000        0x0 mtask.o
 .note.GNU-stack
                0x0000000000000000        0x0 console.o
 .note.GNU-stack
                0x0000000000000000        0x0 window.o
 .note.GNU-stack
                0x0000000000000000        0x0 file.o

.bss            0x0000000000311440     0x2744 load address 0x00000000000071a0
 COMMON         0x0000000000311440        0x8 keyboard.o
                0x0000000000311440                keyfifo
                0x0000000000311444                keydata0
 COMMON         0x0000000000311448        0x8 mouse.o
                0x0000000000311448                mousedata0
                0x000000000031144c                mousefifo
 *fill*         0x0000000000311450       0x10 
 COMMON         0x0000000000311460     0x271c timer.o
                0x0000000000311460                timerctl
 COMMON         0x0000000000313b7c        0x8 mtask.o
                0x0000000000313b7c                taskctl
                0x0000000000313b80                task_timer
