
Discarded input sections

 .note.gnu.property
                0x0000000000000000       0x1c walk.o
 .eh_frame      0x0000000000000000       0x38 walk.o

Memory Configuration

Name             Origin             Length             Attributes
*default*        0x0000000000000000 0xffffffffffffffff

Linker script and memory map


.head           0x0000000000000000       0x24
                0x0000000000000000        0x4 LONG 0x10000
                0x0000000000000004        0x4 LONG 0x69726148
                0x0000000000000008        0x4 LONG 0x0
                0x000000000000000c        0x4 LONG 0x310000
                0x0000000000000010        0x4 LONG 0x7 SIZEOF (.data)
                0x0000000000000014        0x4 LONG 0x2ca LOADADDR (.data)
                0x0000000000000018        0x4 LONG 0xe9000000
                0x000000000000001c        0x4 LONG 0x174 (HariMain - 0x20)
                0x0000000000000020        0x4 LONG 0x0

.text           0x0000000000000030      0x29a
 *(.text)
 .text          0x0000000000000030      0x164 a_nask.o
                0x0000000000000030                api_putchar
                0x000000000000003c                api_putstr0
                0x000000000000004a                api_end
                0x0000000000000051                api_openwin
                0x0000000000000073                api_putstrwin
                0x000000000000009b                api_boxfilwin
                0x00000000000000c3                api_initmalloc
                0x00000000000000e4                api_malloc
                0x00000000000000f9                api_free
                0x0000000000000112                api_point
                0x0000000000000130                api_refreshwin
                0x0000000000000152                api_linewin
                0x000000000000017a                api_closewin
                0x0000000000000188                api_getkey
 .text          0x0000000000000194      0x136 walk.o
                0x0000000000000194                HariMain

.data           0x0000000000310000        0x7 load address 0x00000000000002ca
 *(.data)
 .data          0x0000000000310000        0x0 walk.o
 *(.rodata*)
 .rodata        0x0000000000310000        0x7 walk.o
 *(.bss)
 .bss           0x0000000000310007        0x0 walk.o

/DISCARD/
 *(.eh_frame)
 *(.note.gnu.property)
LOAD a_nask.o
LOAD walk.o
OUTPUT(walk.hrb binary)

.debug_info     0x0000000000000000       0x96
 .debug_info    0x0000000000000000       0x96 walk.o

.debug_abbrev   0x0000000000000000       0x60
 .debug_abbrev  0x0000000000000000       0x60 walk.o

.debug_aranges  0x0000000000000000       0x20
 .debug_aranges
                0x0000000000000000       0x20 walk.o

.debug_line     0x0000000000000000       0xae
 .debug_line    0x0000000000000000       0xae walk.o

.debug_str      0x0000000000000000       0xc9
 .debug_str     0x0000000000000000       0xc9 walk.o

.comment        0x0000000000000000       0x2b
 .comment       0x0000000000000000       0x2b walk.o

.note.GNU-stack
                0x0000000000000000        0x0
 .note.GNU-stack
                0x0000000000000000        0x0 walk.o
