
Allocating common symbols
Common symbol       size              file

mousedata0          0x4               mouse.o
keyfifo             0x4               keyboard.o
taskctl             0x4               mtask.o
timerctl            0x271c            timer.o
mousefifo           0x4               mouse.o
task_timer          0x4               mtask.o
keydata0            0x4               keyboard.o

Discarded input sections

 .note.gnu.property
                0x0000000000000000       0x1c bootpack.o
 .eh_frame      0x0000000000000000       0x34 bootpack.o
 .note.gnu.property
                0x0000000000000000       0x1c hankaku.o
 .note.gnu.property
                0x0000000000000000       0x1c fifo.o
 .eh_frame      0x0000000000000000       0x98 fifo.o
 .note.gnu.property
                0x0000000000000000       0x1c int.o
 .eh_frame      0x0000000000000000       0x58 int.o
 .note.gnu.property
                0x0000000000000000       0x1c keyboard.o
 .eh_frame      0x0000000000000000       0x78 keyboard.o
 .note.gnu.property
                0x0000000000000000       0x1c mouse.o
 .eh_frame      0x0000000000000000       0x78 mouse.o
 .note.gnu.property
                0x0000000000000000       0x1c memory.o
 .eh_frame      0x0000000000000000      0x104 memory.o
 .note.gnu.property
                0x0000000000000000       0x1c mysprintf.o
 .eh_frame      0x0000000000000000       0xdc mysprintf.o
 .note.gnu.property
                0x0000000000000000       0x1c graphic.o
 .eh_frame      0x0000000000000000      0x120 graphic.o
 .note.gnu.property
                0x0000000000000000       0x1c dsctbl.o
 .eh_frame      0x0000000000000000       0x78 dsctbl.o
 .note.gnu.property
                0x0000000000000000       0x1c sheet.o
 .eh_frame      0x0000000000000000      0x15c sheet.o
 .note.gnu.property
                0x0000000000000000       0x1c timer.o
 .eh_frame      0x0000000000000000       0xd8 timer.o
 .note.gnu.property
                0x0000000000000000       0x1c mtask.o
 .eh_frame      0x0000000000000000      0x154 mtask.o
 .note.gnu.property
                0x0000000000000000       0x1c console.o
 .eh_frame      0x0000000000000000      0x204 console.o
 .note.gnu.property
                0x0000000000000000       0x1c window.o
 .eh_frame      0x0000000000000000       0xb0 window.o
 .note.gnu.property
                0x0000000000000000       0x1c file.o
 .eh_frame      0x0000000000000000       0x78 file.o

Memory Configuration

Name             Origin             Length             Attributes
*default*        0x0000000000000000 0xffffffffffffffff

Linker script and memory map


.head           0x0000000000000000       0x24
                0x0000000000000000        0x4 LONG 0x10000
                0x0000000000000004        0x4 LONG 0x69726148
                0x0000000000000008        0x4 LONG 0x0
                0x000000000000000c        0x4 LONG 0x310000
                0x0000000000000010        0x4 LONG 0x1431 SIZEOF (.data)
                0x0000000000000014        0x4 LONG 0x5356 LOADADDR (.data)
                0x0000000000000018        0x4 LONG 0xe9000000
                0x000000000000001c        0x4 LONG 0x10 (HariMain - 0x20)
                0x0000000000000020        0x4 LONG 0x0

.text           0x0000000000000030     0x5326
 *(.text)
 .text          0x0000000000000030      0xc8c bootpack.o
                0x0000000000000030                HariMain
 *fill*         0x0000000000000cbc        0x4 
 .text          0x0000000000000cc0      0x1f5 nasmfunc.o
                0x0000000000000cc0                io_hlt
                0x0000000000000cc2                io_cli
                0x0000000000000cc4                io_sti
                0x0000000000000cc6                io_stihlt
                0x0000000000000cc9                io_in8
                0x0000000000000cd4                io_in16
                0x0000000000000ce0                io_in32
                0x0000000000000ce6                io_out8
                0x0000000000000cf0                io_out16
                0x0000000000000cfb                io_out32
                0x0000000000000d05                io_load_eflags
                0x0000000000000d08                io_store_eflags
                0x0000000000000d0f                load_gdtr
                0x0000000000000d1f                load_idtr
                0x0000000000000d2f                load_cr0
                0x0000000000000d33                store_cr0
                0x0000000000000d3b                asm_inthandler20
                0x0000000000000d88                asm_inthandler21
                0x0000000000000d9f                asm_inthandler27
                0x0000000000000db6                asm_inthandler2c
                0x0000000000000dcd                memtest_sub
                0x0000000000000e0f                load_tr
                0x0000000000000e15                farjmp
                0x0000000000000e1a                farcall
                0x0000000000000e1f                asm_hrb_api
                0x0000000000000e3c                start_app
                0x0000000000000e6a                asm_inthandler0c
                0x0000000000000e8a                asm_inthandler0d
                0x0000000000000eaa                asm_end_app
 .text          0x0000000000000eb5        0x0 hankaku.o
 .text          0x0000000000000eb5      0x188 fifo.o
                0x0000000000000eb5                fifo32_init
                0x0000000000000f00                fifo32_put
                0x0000000000000fb1                fifo32_get
                0x0000000000001024                fifo32_status
 .text          0x000000000000103d       0xfb int.o
                0x000000000000103d                init_pic
                0x000000000000111c                inthandler27
 .text          0x0000000000001138       0xb2 keyboard.o
                0x0000000000001138                inthandler21
                0x0000000000001181                wait_KBC_sendready
                0x00000000000011a5                init_keyboard
 .text          0x00000000000011ea      0x1f0 mouse.o
                0x00000000000011ea                inthandler2c
                0x0000000000001245                enable_mouse
                0x0000000000001297                mouse_decode
 .text          0x00000000000013da      0x4cd memory.o
                0x00000000000013da                memtest
                0x0000000000001495                memman_init
                0x00000000000014c6                memman_total
                0x0000000000001503                memman_alloc
                0x00000000000015f0                memman_free
                0x0000000000001844                memman_alloc_4k
                0x0000000000001874                memman_free_4k
 .text          0x00000000000018a7      0x2c2 mysprintf.o
                0x00000000000018a7                dec2asc
                0x000000000000193f                hex2asc
                0x00000000000019d1                sprintf
                0x0000000000001a77                strcmp
                0x0000000000001adc                strncmp
                0x0000000000001b3e                rand
 .text          0x0000000000001b69      0x5ee graphic.o
                0x0000000000001b69                init_palette
                0x0000000000001b8a                set_palette
                0x0000000000001c3a                boxfill8
                0x0000000000001c90                init_screen8
                0x0000000000001eb1                putfont8
                0x0000000000001fb7                putfonts8_asc
                0x000000000000200a                init_mouse_cursor8
                0x00000000000020e4                putblock8_8
 .text          0x0000000000002157      0x279 dsctbl.o
                0x0000000000002157                init_gdtidt
                0x0000000000002308                set_segmdesc
                0x0000000000002387                set_gatedesc
 .text          0x00000000000023d0      0xa53 sheet.o
                0x00000000000023d0                shtctl_init
                0x00000000000024b7                sheet_alloc
                0x000000000000253c                sheet_setbuf
                0x0000000000002569                sheet_refreshmap
                0x0000000000002721                sheet_refreshsub
                0x00000000000028f1                sheet_updown
                0x0000000000002c6c                sheet_refresh
                0x0000000000002ce1                sheet_slide
                0x0000000000002df8                sheet_free
 .text          0x0000000000002e23      0x2b1 timer.o
                0x0000000000002e23                init_pit
                0x0000000000002ecf                timer_alloc
                0x0000000000002f3d                timer_free
                0x0000000000002f51                timer_init
                0x0000000000002f6d                timer_settime
                0x0000000000003020                inthandler20
 .text          0x00000000000030d4      0x662 mtask.o
                0x00000000000030d4                task_now
                0x0000000000003108                task_add
                0x0000000000003155                task_remove
                0x0000000000003216                task_switchsub
                0x0000000000003266                task_idle
                0x0000000000003277                task_init
                0x0000000000003480                task_alloc
                0x000000000000359e                task_run
                0x000000000000360f                task_sleep
                0x0000000000003663                task_switch
 .text          0x0000000000003736     0x1432 console.o
                0x0000000000003736                console_task
                0x0000000000003af9                cons_putchar
                0x0000000000003c05                cons_newline
                0x0000000000003d11                cons_putstr0
                0x0000000000003d48                cons_putstr1
                0x0000000000003d89                cons_runcmd
                0x0000000000003e79                cmd_mem
                0x0000000000003ecb                cmd_cls
                0x0000000000003f4d                cmd_dir
                0x0000000000004085                cmd_type
                0x0000000000004154                cmd_app
                0x000000000000446c                hrb_api
                0x0000000000004967                inthandler0c
                0x00000000000049cd                inthandler0d
                0x0000000000004a33                hrb_api_linewin
 .text          0x0000000000004b68      0x518 window.o
                0x0000000000004b68                make_window8
                0x0000000000004cde                make_wtitle8
                0x0000000000004dda                putfonts8_asc_sht
                0x0000000000004e7d                make_textbox8
 .text          0x0000000000005080      0x2d6 file.o
                0x0000000000005080                file_readfat
                0x0000000000005134                file_loadfile
                0x00000000000051e0                file_search

.data           0x0000000000310000     0x1431 load address 0x0000000000005356
 *(.data)
 .data          0x0000000000310000      0x100 bootpack.o
 .data          0x0000000000310100        0x0 nasmfunc.o
 .data          0x0000000000310100     0x1000 hankaku.o
                0x0000000000310100                hankaku
 .data          0x0000000000311100        0x0 fifo.o
 .data          0x0000000000311100        0x0 int.o
 .data          0x0000000000311100        0x0 keyboard.o
 .data          0x0000000000311100        0x0 mouse.o
 .data          0x0000000000311100        0x0 memory.o
 .data          0x0000000000311100        0x4 mysprintf.o
 *fill*         0x0000000000311104       0x1c 
 .data          0x0000000000311120      0x140 graphic.o
 .data          0x0000000000311260        0x0 dsctbl.o
 .data          0x0000000000311260        0x0 sheet.o
 .data          0x0000000000311260        0x0 timer.o
 .data          0x0000000000311260        0x0 mtask.o
 .data          0x0000000000311260        0x0 console.o
 .data          0x0000000000311260       0xe0 window.o
 .data          0x0000000000311340        0x0 file.o
 *(.rodata*)
 .rodata        0x0000000000311340       0x20 bootpack.o
 .rodata        0x0000000000311360       0xd1 console.o
 *(.bss)
 .bss           0x0000000000311431        0x0 bootpack.o
 .bss           0x0000000000311431        0x0 hankaku.o
 .bss           0x0000000000311431        0x0 fifo.o
 .bss           0x0000000000311431        0x0 int.o
 .bss           0x0000000000311431        0x0 keyboard.o
 .bss           0x0000000000311431        0x0 mouse.o
 .bss           0x0000000000311431        0x0 memory.o
 .bss           0x0000000000311431        0x0 mysprintf.o
 .bss           0x0000000000311431        0x0 graphic.o
 .bss           0x0000000000311431        0x0 dsctbl.o
 .bss           0x0000000000311431        0x0 sheet.o
 .bss           0x0000000000311431        0x0 timer.o
 .bss           0x0000000000311431        0x0 mtask.o
 .bss           0x0000000000311431        0x0 console.o
 .bss           0x0000000000311431        0x0 window.o
 .bss           0x0000000000311431        0x0 file.o

/DISCARD/
 *(.eh_frame)
 *(.note.gnu.property)
LOAD bootpack.o
LOAD nasmfunc.o
LOAD hankaku.o
LOAD fifo.o
LOAD int.o
LOAD keyboard.o
LOAD mouse.o
LOAD memory.o
LOAD mysprintf.o
LOAD graphic.o
LOAD dsctbl.o
LOAD sheet.o
LOAD timer.o
LOAD mtask.o
LOAD console.o
LOAD window.o
LOAD file.o
OUTPUT(bootpack.hrb binary)

.debug_info     0x0000000000000000     0x644d
 .debug_info    0x0000000000000000      0xb50 bootpack.o
 .debug_info    0x0000000000000b50       0x4f hankaku.o
 .debug_info    0x0000000000000b9f      0x428 fifo.o
 .debug_info    0x0000000000000fc7      0x61a int.o
 .debug_info    0x00000000000015e1      0x3d9 keyboard.o
 .debug_info    0x00000000000019ba      0x470 mouse.o
 .debug_info    0x0000000000001e2a      0x5f5 memory.o
 .debug_info    0x000000000000241f      0x25f mysprintf.o
 .debug_info    0x000000000000267e      0x6e9 graphic.o
 .debug_info    0x0000000000002d67      0x4d4 dsctbl.o
 .debug_info    0x000000000000323b      0x9f0 sheet.o
 .debug_info    0x0000000000003c2b      0x4a9 timer.o
 .debug_info    0x00000000000040d4      0x72e mtask.o
 .debug_info    0x0000000000004802     0x1080 console.o
 .debug_info    0x0000000000005882      0x688 window.o
 .debug_info    0x0000000000005f0a      0x543 file.o

.debug_abbrev   0x0000000000000000     0x1419
 .debug_abbrev  0x0000000000000000      0x12c bootpack.o
 .debug_abbrev  0x000000000000012c       0x40 hankaku.o
 .debug_abbrev  0x000000000000016c      0x125 fifo.o
 .debug_abbrev  0x0000000000000291      0x124 int.o
 .debug_abbrev  0x00000000000003b5      0x132 keyboard.o
 .debug_abbrev  0x00000000000004e7      0x13f mouse.o
 .debug_abbrev  0x0000000000000626      0x154 memory.o
 .debug_abbrev  0x000000000000077a      0x11f mysprintf.o
 .debug_abbrev  0x0000000000000899      0x128 graphic.o
 .debug_abbrev  0x00000000000009c1      0x105 dsctbl.o
 .debug_abbrev  0x0000000000000ac6      0x17d sheet.o
 .debug_abbrev  0x0000000000000c43      0x15f timer.o
 .debug_abbrev  0x0000000000000da2      0x1c6 mtask.o
 .debug_abbrev  0x0000000000000f68      0x213 console.o
 .debug_abbrev  0x000000000000117b      0x130 window.o
 .debug_abbrev  0x00000000000012ab      0x16e file.o

.debug_aranges  0x0000000000000000      0x1f8
 .debug_aranges
                0x0000000000000000       0x20 bootpack.o
 .debug_aranges
                0x0000000000000020       0x18 hankaku.o
 .debug_aranges
                0x0000000000000038       0x20 fifo.o
 .debug_aranges
                0x0000000000000058       0x20 int.o
 .debug_aranges
                0x0000000000000078       0x20 keyboard.o
 .debug_aranges
                0x0000000000000098       0x20 mouse.o
 .debug_aranges
                0x00000000000000b8       0x20 memory.o
 .debug_aranges
                0x00000000000000d8       0x20 mysprintf.o
 .debug_aranges
                0x00000000000000f8       0x20 graphic.o
 .debug_aranges
                0x0000000000000118       0x20 dsctbl.o
 .debug_aranges
                0x0000000000000138       0x20 sheet.o
 .debug_aranges
                0x0000000000000158       0x20 timer.o
 .debug_aranges
                0x0000000000000178       0x20 mtask.o
 .debug_aranges
                0x0000000000000198       0x20 console.o
 .debug_aranges
                0x00000000000001b8       0x20 window.o
 .debug_aranges
                0x00000000000001d8       0x20 file.o

.debug_line     0x0000000000000000     0x26b3
 .debug_line    0x0000000000000000      0x49f bootpack.o
 .debug_line    0x000000000000049f       0x2a hankaku.o
 .debug_line    0x00000000000004c9       0xec fifo.o
 .debug_line    0x00000000000005b5      0x114 int.o
 .debug_line    0x00000000000006c9       0x7a keyboard.o
 .debug_line    0x0000000000000743       0xea mouse.o
 .debug_line    0x000000000000082d      0x24f memory.o
 .debug_line    0x0000000000000a7c      0x1e6 mysprintf.o
 .debug_line    0x0000000000000c62      0x2ff graphic.o
 .debug_line    0x0000000000000f61       0xf5 dsctbl.o
 .debug_line    0x0000000000001056      0x540 sheet.o
 .debug_line    0x0000000000001596      0x167 timer.o
 .debug_line    0x00000000000016fd      0x310 mtask.o
 .debug_line    0x0000000000001a0d      0x91d console.o
 .debug_line    0x000000000000232a      0x13f window.o
 .debug_line    0x0000000000002469      0x24a file.o

.debug_str      0x0000000000000000     0x29af
 .debug_str     0x0000000000000000      0x585 bootpack.o
 .debug_str     0x0000000000000585       0xd8 hankaku.o
 .debug_str     0x000000000000065d      0x1d0 fifo.o
 .debug_str     0x000000000000082d      0x3cd int.o
 .debug_str     0x0000000000000bfa      0x1e9 keyboard.o
 .debug_str     0x0000000000000de3      0x1f8 mouse.o
 .debug_str     0x0000000000000fdb      0x240 memory.o
 .debug_str     0x000000000000121b      0x146 mysprintf.o
 .debug_str     0x0000000000001361      0x259 graphic.o
 .debug_str     0x00000000000015ba      0x264 dsctbl.o
 .debug_str     0x000000000000181e      0x2ae sheet.o
 .debug_str     0x0000000000001acc      0x1ed timer.o
 .debug_str     0x0000000000001cb9      0x2ef mtask.o
 .debug_str     0x0000000000001fa8      0x5d8 console.o
 .debug_str     0x0000000000002580      0x235 window.o
 .debug_str     0x00000000000027b5      0x1fa file.o

.comment        0x0000000000000000      0x2b0
 .comment       0x0000000000000000       0x2b bootpack.o
 .comment       0x000000000000002b       0x2b hankaku.o
 .comment       0x0000000000000056       0x2b fifo.o
 .comment       0x0000000000000081       0x2b int.o
 .comment       0x00000000000000ac       0x2b keyboard.o
 .comment       0x00000000000000d7       0x2b mouse.o
 .comment       0x0000000000000102       0x2b memory.o
 .comment       0x000000000000012d       0x2b mysprintf.o
 .comment       0x0000000000000158       0x2b graphic.o
 .comment       0x0000000000000183       0x2b dsctbl.o
 .comment       0x00000000000001ae       0x2b sheet.o
 .comment       0x00000000000001d9       0x2b timer.o
 .comment       0x0000000000000204       0x2b mtask.o
 .comment       0x000000000000022f       0x2b console.o
 .comment       0x000000000000025a       0x2b window.o
 .comment       0x0000000000000285       0x2b file.o

.note.GNU-stack
                0x0000000000000000        0x0
 .note.GNU-stack
                0x0000000000000000        0x0 bootpack.o
 .note.GNU-stack
                0x0000000000000000        0x0 hankaku.o
 .note.GNU-stack
                0x0000000000000000        0x0 fifo.o
 .note.GNU-stack
                0x0000000000000000        0x0 int.o
 .note.GNU-stack
                0x0000000000000000        0x0 keyboard.o
 .note.GNU-stack
                0x0000000000000000        0x0 mouse.o
 .note.GNU-stack
                0x0000000000000000        0x0 memory.o
 .note.GNU-stack
                0x0000000000000000        0x0 mysprintf.o
 .note.GNU-stack
                0x0000000000000000        0x0 graphic.o
 .note.GNU-stack
                0x0000000000000000        0x0 dsctbl.o
 .note.GNU-stack
                0x0000000000000000        0x0 sheet.o
 .note.GNU-stack
                0x0000000000000000        0x0 timer.o
 .note.GNU-stack
                0x0000000000000000        0x0 mtask.o
 .note.GNU-stack
                0x0000000000000000        0x0 console.o
 .note.GNU-stack
                0x0000000000000000        0x0 window.o
 .note.GNU-stack
                0x0000000000000000        0x0 file.o

.bss            0x0000000000311440     0x2744 load address 0x00000000000067a0
 COMMON         0x0000000000311440        0x8 keyboard.o
                0x0000000000311440                keyfifo
                0x0000000000311444                keydata0
 COMMON         0x0000000000311448        0x8 mouse.o
                0x0000000000311448                mousedata0
                0x000000000031144c                mousefifo
 *fill*         0x0000000000311450       0x10 
 COMMON         0x0000000000311460     0x271c timer.o
                0x0000000000311460                timerctl
 COMMON         0x0000000000313b7c        0x8 mtask.o
                0x0000000000313b7c                taskctl
                0x0000000000313b80                task_timer
