
Allocating common symbols
Common symbol       size              file

mousedata0          0x4               mouse.o
keyfifo             0x4               keyboard.o
taskctl             0x4               mtask.o
timerctl            0x271c            timer.o
mousefifo           0x4               mouse.o
task_timer          0x4               mtask.o
keydata0            0x4               keyboard.o

Discarded input sections

 .note.gnu.property
                0x0000000000000000       0x1c bootpack.o
 .eh_frame      0x0000000000000000       0x74 bootpack.o
 .note.gnu.property
                0x0000000000000000       0x1c hankaku.o
 .note.gnu.property
                0x0000000000000000       0x1c fifo.o
 .eh_frame      0x0000000000000000       0x98 fifo.o
 .note.gnu.property
                0x0000000000000000       0x1c int.o
 .eh_frame      0x0000000000000000       0x58 int.o
 .note.gnu.property
                0x0000000000000000       0x1c keyboard.o
 .eh_frame      0x0000000000000000       0x78 keyboard.o
 .note.gnu.property
                0x0000000000000000       0x1c mouse.o
 .eh_frame      0x0000000000000000       0x78 mouse.o
 .note.gnu.property
                0x0000000000000000       0x1c memory.o
 .eh_frame      0x0000000000000000      0x104 memory.o
 .note.gnu.property
                0x0000000000000000       0x1c mysprintf.o
 .eh_frame      0x0000000000000000       0xdc mysprintf.o
 .note.gnu.property
                0x0000000000000000       0x1c graphic.o
 .eh_frame      0x0000000000000000      0x120 graphic.o
 .note.gnu.property
                0x0000000000000000       0x1c dsctbl.o
 .eh_frame      0x0000000000000000       0x78 dsctbl.o
 .note.gnu.property
                0x0000000000000000       0x1c sheet.o
 .eh_frame      0x0000000000000000      0x15c sheet.o
 .note.gnu.property
                0x0000000000000000       0x1c timer.o
 .eh_frame      0x0000000000000000       0xd8 timer.o
 .note.gnu.property
                0x0000000000000000       0x1c mtask.o
 .eh_frame      0x0000000000000000      0x154 mtask.o
 .note.gnu.property
                0x0000000000000000       0x1c console.o
 .eh_frame      0x0000000000000000      0x204 console.o
 .note.gnu.property
                0x0000000000000000       0x1c window.o
 .eh_frame      0x0000000000000000       0xd0 window.o
 .note.gnu.property
                0x0000000000000000       0x1c file.o
 .eh_frame      0x0000000000000000       0x78 file.o

Memory Configuration

Name             Origin             Length             Attributes
*default*        0x0000000000000000 0xffffffffffffffff

Linker script and memory map


.head           0x0000000000000000       0x24
                0x0000000000000000        0x4 LONG 0x10000
                0x0000000000000004        0x4 LONG 0x69726148
                0x0000000000000008        0x4 LONG 0x0
                0x000000000000000c        0x4 LONG 0x310000
                0x0000000000000010        0x4 LONG 0x1445 SIZEOF (.data)
                0x0000000000000014        0x4 LONG 0x5650 LOADADDR (.data)
                0x0000000000000018        0x4 LONG 0xe9000000
                0x000000000000001c        0x4 LONG 0x10 (HariMain - 0x20)
                0x0000000000000020        0x4 LONG 0x0

.text           0x0000000000000030     0x5620
 *(.text)
 .text          0x0000000000000030      0xe7a bootpack.o
                0x0000000000000030                HariMain
                0x0000000000000dda                keywin_off
                0x0000000000000e56                keywin_on
 *fill*         0x0000000000000eaa        0x6 
 .text          0x0000000000000eb0      0x1f5 nasmfunc.o
                0x0000000000000eb0                io_hlt
                0x0000000000000eb2                io_cli
                0x0000000000000eb4                io_sti
                0x0000000000000eb6                io_stihlt
                0x0000000000000eb9                io_in8
                0x0000000000000ec4                io_in16
                0x0000000000000ed0                io_in32
                0x0000000000000ed6                io_out8
                0x0000000000000ee0                io_out16
                0x0000000000000eeb                io_out32
                0x0000000000000ef5                io_load_eflags
                0x0000000000000ef8                io_store_eflags
                0x0000000000000eff                load_gdtr
                0x0000000000000f0f                load_idtr
                0x0000000000000f1f                load_cr0
                0x0000000000000f23                store_cr0
                0x0000000000000f2b                asm_inthandler20
                0x0000000000000f78                asm_inthandler21
                0x0000000000000f8f                asm_inthandler27
                0x0000000000000fa6                asm_inthandler2c
                0x0000000000000fbd                memtest_sub
                0x0000000000000fff                load_tr
                0x0000000000001005                farjmp
                0x000000000000100a                farcall
                0x000000000000100f                asm_hrb_api
                0x000000000000102c                start_app
                0x000000000000105a                asm_inthandler0c
                0x000000000000107a                asm_inthandler0d
                0x000000000000109a                asm_end_app
 .text          0x00000000000010a5        0x0 hankaku.o
 .text          0x00000000000010a5      0x188 fifo.o
                0x00000000000010a5                fifo32_init
                0x00000000000010f0                fifo32_put
                0x00000000000011a1                fifo32_get
                0x0000000000001214                fifo32_status
 .text          0x000000000000122d       0xfb int.o
                0x000000000000122d                init_pic
                0x000000000000130c                inthandler27
 .text          0x0000000000001328       0xb2 keyboard.o
                0x0000000000001328                inthandler21
                0x0000000000001371                wait_KBC_sendready
                0x0000000000001395                init_keyboard
 .text          0x00000000000013da      0x1f0 mouse.o
                0x00000000000013da                inthandler2c
                0x0000000000001435                enable_mouse
                0x0000000000001487                mouse_decode
 .text          0x00000000000015ca      0x4cd memory.o
                0x00000000000015ca                memtest
                0x0000000000001685                memman_init
                0x00000000000016b6                memman_total
                0x00000000000016f3                memman_alloc
                0x00000000000017e0                memman_free
                0x0000000000001a34                memman_alloc_4k
                0x0000000000001a64                memman_free_4k
 .text          0x0000000000001a97      0x2c2 mysprintf.o
                0x0000000000001a97                dec2asc
                0x0000000000001b2f                hex2asc
                0x0000000000001bc1                sprintf
                0x0000000000001c67                strcmp
                0x0000000000001ccc                strncmp
                0x0000000000001d2e                rand
 .text          0x0000000000001d59      0x5ee graphic.o
                0x0000000000001d59                init_palette
                0x0000000000001d7a                set_palette
                0x0000000000001e2a                boxfill8
                0x0000000000001e80                init_screen8
                0x00000000000020a1                putfont8
                0x00000000000021a7                putfonts8_asc
                0x00000000000021fa                init_mouse_cursor8
                0x00000000000022d4                putblock8_8
 .text          0x0000000000002347      0x279 dsctbl.o
                0x0000000000002347                init_gdtidt
                0x00000000000024f8                set_segmdesc
                0x0000000000002577                set_gatedesc
 .text          0x00000000000025c0      0xa53 sheet.o
                0x00000000000025c0                shtctl_init
                0x00000000000026a7                sheet_alloc
                0x000000000000272c                sheet_setbuf
                0x0000000000002759                sheet_refreshmap
                0x0000000000002911                sheet_refreshsub
                0x0000000000002ae1                sheet_updown
                0x0000000000002e5c                sheet_refresh
                0x0000000000002ed1                sheet_slide
                0x0000000000002fe8                sheet_free
 .text          0x0000000000003013      0x2b1 timer.o
                0x0000000000003013                init_pit
                0x00000000000030bf                timer_alloc
                0x000000000000312d                timer_free
                0x0000000000003141                timer_init
                0x000000000000315d                timer_settime
                0x0000000000003210                inthandler20
 .text          0x00000000000032c4      0x662 mtask.o
                0x00000000000032c4                task_now
                0x00000000000032f8                task_add
                0x0000000000003345                task_remove
                0x0000000000003406                task_switchsub
                0x0000000000003456                task_idle
                0x0000000000003467                task_init
                0x0000000000003670                task_alloc
                0x000000000000378e                task_run
                0x00000000000037ff                task_sleep
                0x0000000000003853                task_switch
 .text          0x0000000000003926     0x1447 console.o
                0x0000000000003926                console_task
                0x0000000000003ce9                cons_putchar
                0x0000000000003df5                cons_newline
                0x0000000000003f01                cons_putstr0
                0x0000000000003f38                cons_putstr1
                0x0000000000003f79                cons_runcmd
                0x0000000000004069                cmd_mem
                0x00000000000040bb                cmd_cls
                0x000000000000413d                cmd_dir
                0x0000000000004275                cmd_type
                0x0000000000004344                cmd_app
                0x0000000000004660                hrb_api
                0x0000000000004b6c                inthandler0c
                0x0000000000004bd2                inthandler0d
                0x0000000000004c38                hrb_api_linewin
 .text          0x0000000000004d6d      0x60d window.o
                0x0000000000004d6d                make_window8
                0x0000000000004ee3                make_wtitle8
                0x0000000000004fdf                putfonts8_asc_sht
                0x0000000000005082                make_textbox8
                0x0000000000005285                change_wtitle8
 .text          0x000000000000537a      0x2d6 file.o
                0x000000000000537a                file_readfat
                0x000000000000542e                file_loadfile
                0x00000000000054da                file_search

.data           0x0000000000310000     0x1445 load address 0x0000000000005650
 *(.data)
 .data          0x0000000000310000      0x100 bootpack.o
 .data          0x0000000000310100        0x0 nasmfunc.o
 .data          0x0000000000310100     0x1000 hankaku.o
                0x0000000000310100                hankaku
 .data          0x0000000000311100        0x0 fifo.o
 .data          0x0000000000311100        0x0 int.o
 .data          0x0000000000311100        0x0 keyboard.o
 .data          0x0000000000311100        0x0 mouse.o
 .data          0x0000000000311100        0x0 memory.o
 .data          0x0000000000311100        0x4 mysprintf.o
 *fill*         0x0000000000311104       0x1c 
 .data          0x0000000000311120      0x140 graphic.o
 .data          0x0000000000311260        0x0 dsctbl.o
 .data          0x0000000000311260        0x0 sheet.o
 .data          0x0000000000311260        0x0 timer.o
 .data          0x0000000000311260        0x0 mtask.o
 .data          0x0000000000311260        0x0 console.o
 .data          0x0000000000311260       0xe0 window.o
 .data          0x0000000000311340        0x0 file.o
 *(.rodata*)
 .rodata        0x0000000000311340       0x31 bootpack.o
 *fill*         0x0000000000311371        0x3 
 .rodata        0x0000000000311374       0xd1 console.o
 *(.bss)
 .bss           0x0000000000311445        0x0 bootpack.o
 .bss           0x0000000000311445        0x0 hankaku.o
 .bss           0x0000000000311445        0x0 fifo.o
 .bss           0x0000000000311445        0x0 int.o
 .bss           0x0000000000311445        0x0 keyboard.o
 .bss           0x0000000000311445        0x0 mouse.o
 .bss           0x0000000000311445        0x0 memory.o
 .bss           0x0000000000311445        0x0 mysprintf.o
 .bss           0x0000000000311445        0x0 graphic.o
 .bss           0x0000000000311445        0x0 dsctbl.o
 .bss           0x0000000000311445        0x0 sheet.o
 .bss           0x0000000000311445        0x0 timer.o
 .bss           0x0000000000311445        0x0 mtask.o
 .bss           0x0000000000311445        0x0 console.o
 .bss           0x0000000000311445        0x0 window.o
 .bss           0x0000000000311445        0x0 file.o

/DISCARD/
 *(.eh_frame)
 *(.note.gnu.property)
LOAD bootpack.o
LOAD nasmfunc.o
LOAD hankaku.o
LOAD fifo.o
LOAD int.o
LOAD keyboard.o
LOAD mouse.o
LOAD memory.o
LOAD mysprintf.o
LOAD graphic.o
LOAD dsctbl.o
LOAD sheet.o
LOAD timer.o
LOAD mtask.o
LOAD console.o
LOAD window.o
LOAD file.o
OUTPUT(bootpack.hrb binary)

.debug_info     0x0000000000000000     0x65cb
 .debug_info    0x0000000000000000      0xc18 bootpack.o
 .debug_info    0x0000000000000c18       0x4f hankaku.o
 .debug_info    0x0000000000000c67      0x428 fifo.o
 .debug_info    0x000000000000108f      0x61a int.o
 .debug_info    0x00000000000016a9      0x3d9 keyboard.o
 .debug_info    0x0000000000001a82      0x470 mouse.o
 .debug_info    0x0000000000001ef2      0x5f5 memory.o
 .debug_info    0x00000000000024e7      0x25f mysprintf.o
 .debug_info    0x0000000000002746      0x6e9 graphic.o
 .debug_info    0x0000000000002e2f      0x4d4 dsctbl.o
 .debug_info    0x0000000000003303      0x9f0 sheet.o
 .debug_info    0x0000000000003cf3      0x4a9 timer.o
 .debug_info    0x000000000000419c      0x72e mtask.o
 .debug_info    0x00000000000048ca     0x1080 console.o
 .debug_info    0x000000000000594a      0x73e window.o
 .debug_info    0x0000000000006088      0x543 file.o

.debug_abbrev   0x0000000000000000     0x1448
 .debug_abbrev  0x0000000000000000      0x15b bootpack.o
 .debug_abbrev  0x000000000000015b       0x40 hankaku.o
 .debug_abbrev  0x000000000000019b      0x125 fifo.o
 .debug_abbrev  0x00000000000002c0      0x124 int.o
 .debug_abbrev  0x00000000000003e4      0x132 keyboard.o
 .debug_abbrev  0x0000000000000516      0x13f mouse.o
 .debug_abbrev  0x0000000000000655      0x154 memory.o
 .debug_abbrev  0x00000000000007a9      0x11f mysprintf.o
 .debug_abbrev  0x00000000000008c8      0x128 graphic.o
 .debug_abbrev  0x00000000000009f0      0x105 dsctbl.o
 .debug_abbrev  0x0000000000000af5      0x17d sheet.o
 .debug_abbrev  0x0000000000000c72      0x15f timer.o
 .debug_abbrev  0x0000000000000dd1      0x1c6 mtask.o
 .debug_abbrev  0x0000000000000f97      0x213 console.o
 .debug_abbrev  0x00000000000011aa      0x130 window.o
 .debug_abbrev  0x00000000000012da      0x16e file.o

.debug_aranges  0x0000000000000000      0x1f8
 .debug_aranges
                0x0000000000000000       0x20 bootpack.o
 .debug_aranges
                0x0000000000000020       0x18 hankaku.o
 .debug_aranges
                0x0000000000000038       0x20 fifo.o
 .debug_aranges
                0x0000000000000058       0x20 int.o
 .debug_aranges
                0x0000000000000078       0x20 keyboard.o
 .debug_aranges
                0x0000000000000098       0x20 mouse.o
 .debug_aranges
                0x00000000000000b8       0x20 memory.o
 .debug_aranges
                0x00000000000000d8       0x20 mysprintf.o
 .debug_aranges
                0x00000000000000f8       0x20 graphic.o
 .debug_aranges
                0x0000000000000118       0x20 dsctbl.o
 .debug_aranges
                0x0000000000000138       0x20 sheet.o
 .debug_aranges
                0x0000000000000158       0x20 timer.o
 .debug_aranges
                0x0000000000000178       0x20 mtask.o
 .debug_aranges
                0x0000000000000198       0x20 console.o
 .debug_aranges
                0x00000000000001b8       0x20 window.o
 .debug_aranges
                0x00000000000001d8       0x20 file.o

.debug_line     0x0000000000000000     0x2863
 .debug_line    0x0000000000000000      0x5b9 bootpack.o
 .debug_line    0x00000000000005b9       0x2a hankaku.o
 .debug_line    0x00000000000005e3       0xec fifo.o
 .debug_line    0x00000000000006cf      0x114 int.o
 .debug_line    0x00000000000007e3       0x7a keyboard.o
 .debug_line    0x000000000000085d       0xea mouse.o
 .debug_line    0x0000000000000947      0x24f memory.o
 .debug_line    0x0000000000000b96      0x1e6 mysprintf.o
 .debug_line    0x0000000000000d7c      0x2ff graphic.o
 .debug_line    0x000000000000107b       0xf5 dsctbl.o
 .debug_line    0x0000000000001170      0x540 sheet.o
 .debug_line    0x00000000000016b0      0x167 timer.o
 .debug_line    0x0000000000001817      0x310 mtask.o
 .debug_line    0x0000000000001b27      0x924 console.o
 .debug_line    0x000000000000244b      0x1ce window.o
 .debug_line    0x0000000000002619      0x24a file.o

.debug_str      0x0000000000000000     0x29f2
 .debug_str     0x0000000000000000      0x59b bootpack.o
 .debug_str     0x000000000000059b       0xd8 hankaku.o
 .debug_str     0x0000000000000673      0x1d0 fifo.o
 .debug_str     0x0000000000000843      0x3cd int.o
 .debug_str     0x0000000000000c10      0x1e9 keyboard.o
 .debug_str     0x0000000000000df9      0x1f8 mouse.o
 .debug_str     0x0000000000000ff1      0x240 memory.o
 .debug_str     0x0000000000001231      0x146 mysprintf.o
 .debug_str     0x0000000000001377      0x259 graphic.o
 .debug_str     0x00000000000015d0      0x264 dsctbl.o
 .debug_str     0x0000000000001834      0x2ae sheet.o
 .debug_str     0x0000000000001ae2      0x1ed timer.o
 .debug_str     0x0000000000001ccf      0x2ef mtask.o
 .debug_str     0x0000000000001fbe      0x5d8 console.o
 .debug_str     0x0000000000002596      0x262 window.o
 .debug_str     0x00000000000027f8      0x1fa file.o

.comment        0x0000000000000000      0x2b0
 .comment       0x0000000000000000       0x2b bootpack.o
 .comment       0x000000000000002b       0x2b hankaku.o
 .comment       0x0000000000000056       0x2b fifo.o
 .comment       0x0000000000000081       0x2b int.o
 .comment       0x00000000000000ac       0x2b keyboard.o
 .comment       0x00000000000000d7       0x2b mouse.o
 .comment       0x0000000000000102       0x2b memory.o
 .comment       0x000000000000012d       0x2b mysprintf.o
 .comment       0x0000000000000158       0x2b graphic.o
 .comment       0x0000000000000183       0x2b dsctbl.o
 .comment       0x00000000000001ae       0x2b sheet.o
 .comment       0x00000000000001d9       0x2b timer.o
 .comment       0x0000000000000204       0x2b mtask.o
 .comment       0x000000000000022f       0x2b console.o
 .comment       0x000000000000025a       0x2b window.o
 .comment       0x0000000000000285       0x2b file.o

.note.GNU-stack
                0x0000000000000000        0x0
 .note.GNU-stack
                0x0000000000000000        0x0 bootpack.o
 .note.GNU-stack
                0x0000000000000000        0x0 hankaku.o
 .note.GNU-stack
                0x0000000000000000        0x0 fifo.o
 .note.GNU-stack
                0x0000000000000000        0x0 int.o
 .note.GNU-stack
                0x0000000000000000        0x0 keyboard.o
 .note.GNU-stack
                0x0000000000000000        0x0 mouse.o
 .note.GNU-stack
                0x0000000000000000        0x0 memory.o
 .note.GNU-stack
                0x0000000000000000        0x0 mysprintf.o
 .note.GNU-stack
                0x0000000000000000        0x0 graphic.o
 .note.GNU-stack
                0x0000000000000000        0x0 dsctbl.o
 .note.GNU-stack
                0x0000000000000000        0x0 sheet.o
 .note.GNU-stack
                0x0000000000000000        0x0 timer.o
 .note.GNU-stack
                0x0000000000000000        0x0 mtask.o
 .note.GNU-stack
                0x0000000000000000        0x0 console.o
 .note.GNU-stack
                0x0000000000000000        0x0 window.o
 .note.GNU-stack
                0x0000000000000000        0x0 file.o

.bss            0x0000000000311460     0x2744 load address 0x0000000000006ac0
 COMMON         0x0000000000311460        0x8 keyboard.o
                0x0000000000311460                keyfifo
                0x0000000000311464                keydata0
 COMMON         0x0000000000311468        0x8 mouse.o
                0x0000000000311468                mousedata0
                0x000000000031146c                mousefifo
 *fill*         0x0000000000311470       0x10 
 COMMON         0x0000000000311480     0x271c timer.o
                0x0000000000311480                timerctl
 COMMON         0x0000000000313b9c        0x8 mtask.o
                0x0000000000313b9c                taskctl
                0x0000000000313ba0                task_timer
