
Allocating common symbols
Common symbol       size              file

buf                 0x1d4c            winhelo.o

Discarded input sections

 .note.gnu.property
                0x0000000000000000       0x1c winhelo.o
 .eh_frame      0x0000000000000000       0x38 winhelo.o

Memory Configuration

Name             Origin             Length             Attributes
*default*        0x0000000000000000 0xffffffffffffffff

Linker script and memory map


.head           0x0000000000000000       0x24
                0x0000000000000000        0x4 LONG 0x10000
                0x0000000000000004        0x4 LONG 0x69726148
                0x0000000000000008        0x4 LONG 0x0
                0x000000000000000c        0x4 LONG 0x310000
                0x0000000000000010        0x4 LONG 0x6 SIZEOF (.data)
                0x0000000000000014        0x4 LONG 0xa6 LOADADDR (.data)
                0x0000000000000018        0x4 LONG 0xe9000000
                0x000000000000001c        0x4 LONG 0x53 (HariMain - 0x20)
                0x0000000000000020        0x4 LONG 0x0

.text           0x0000000000000030       0x76
 *(.text)
 .text          0x0000000000000030       0x43 a_nask.o
                0x0000000000000030                api_putchar
                0x000000000000003c                api_putstr0
                0x000000000000004a                api_end
                0x0000000000000051                api_openwin
 .text          0x0000000000000073       0x33 winhelo.o
                0x0000000000000073                HariMain

.data           0x0000000000310000        0x6 load address 0x00000000000000a6
 *(.data)
 .data          0x0000000000310000        0x0 winhelo.o
 *(.rodata*)
 .rodata        0x0000000000310000        0x6 winhelo.o
 *(.bss)
 .bss           0x0000000000310006        0x0 winhelo.o

/DISCARD/
 *(.eh_frame)
 *(.note.gnu.property)
LOAD a_nask.o
LOAD winhelo.o
OUTPUT(winhelo.hrb binary)

.debug_info     0x0000000000000000       0x84
 .debug_info    0x0000000000000000       0x84 winhelo.o

.debug_abbrev   0x0000000000000000       0x7c
 .debug_abbrev  0x0000000000000000       0x7c winhelo.o

.debug_aranges  0x0000000000000000       0x20
 .debug_aranges
                0x0000000000000000       0x20 winhelo.o

.debug_line     0x0000000000000000       0x43
 .debug_line    0x0000000000000000       0x43 winhelo.o

.debug_str      0x0000000000000000       0xd9
 .debug_str     0x0000000000000000       0xd9 winhelo.o

.comment        0x0000000000000000       0x2b
 .comment       0x0000000000000000       0x2b winhelo.o

.note.GNU-stack
                0x0000000000000000        0x0
 .note.GNU-stack
                0x0000000000000000        0x0 winhelo.o

.bss            0x0000000000310020     0x1d4c load address 0x00000000000000e0
 COMMON         0x0000000000310020     0x1d4c winhelo.o
                0x0000000000310020                buf
